log: 1 lines match heal|inconsisten|unwind|corrupt|NippyJar|mismatch; the normal start-up line "Healing static file inconsistencies." x1 (at log line [10]); others: 0
blocks checked: [460, 1189, 1917] transaction counts from the log: [200000, 200000, 118500]
block 460: 200000 txs (log 200000), 200000 receipts, status ok 200000, cumulative gas rising: True, ends at 4,200,000,000 = block 461 header gasUsed 4,200,000,000: True, receipt hashes equal the block hash list in order: True
   tx 0: hash recomputed ok (= the block hash list entry), Ed25519 signature verifies, from = keccak(alg||pubkey)[12:]
   tx 50000: hash recomputed ok (= the block hash list entry), Ed25519 signature verifies, from = keccak(alg||pubkey)[12:]
   tx 100000: hash recomputed ok (= the block hash list entry), Ed25519 signature verifies, from = keccak(alg||pubkey)[12:]
   tx 150000: hash recomputed ok (= the block hash list entry), Ed25519 signature verifies, from = keccak(alg||pubkey)[12:]
   tx 199999: hash recomputed ok (= the block hash list entry), Ed25519 signature verifies, from = keccak(alg||pubkey)[12:]
block 1189: 200000 txs (log 200000), 200000 receipts, status ok 200000, cumulative gas rising: True, ends at 4,200,000,000 = block 1190 header gasUsed 4,200,000,000: True, receipt hashes equal the block hash list in order: True
   tx 0: hash recomputed ok (= the block hash list entry), Ed25519 signature verifies, from = keccak(alg||pubkey)[12:]
   tx 50000: hash recomputed ok (= the block hash list entry), Ed25519 signature verifies, from = keccak(alg||pubkey)[12:]
   tx 100000: hash recomputed ok (= the block hash list entry), Ed25519 signature verifies, from = keccak(alg||pubkey)[12:]
   tx 150000: hash recomputed ok (= the block hash list entry), Ed25519 signature verifies, from = keccak(alg||pubkey)[12:]
   tx 199999: hash recomputed ok (= the block hash list entry), Ed25519 signature verifies, from = keccak(alg||pubkey)[12:]
block 1917: 118500 txs (log 118500), 118500 receipts, status ok 118500, cumulative gas rising: True, ends at 2,488,500,000 = block 1918 header gasUsed 2,488,500,000: True, receipt hashes equal the block hash list in order: True
   tx 0: hash recomputed ok (= the block hash list entry), Ed25519 signature verifies, from = keccak(alg||pubkey)[12:]
   tx 29625: hash recomputed ok (= the block hash list entry), Ed25519 signature verifies, from = keccak(alg||pubkey)[12:]
   tx 59250: hash recomputed ok (= the block hash list entry), Ed25519 signature verifies, from = keccak(alg||pubkey)[12:]
   tx 88875: hash recomputed ok (= the block hash list entry), Ed25519 signature verifies, from = keccak(alg||pubkey)[12:]
   tx 118499: hash recomputed ok (= the block hash list entry), Ed25519 signature verifies, from = keccak(alg||pubkey)[12:]
RESULT ok
