log: 1 lines match heal|inconsisten|unwind|corrupt|NippyJar|mismatch; the normal start-up line "Healing static file inconsistencies." x1 (at log line [11]); others: 0
blocks checked: [460, 1170, 1880] transaction counts from the log: [200000, 200000, 109500]
block 460: 200000 txs (log 200000), 200000 receipts, status ok 200000, cumulative gas rising: True, ends at 4,200,000,000 = block 461 header gasUsed 0: False, receipt hashes equal the block hash list in order: True
   tx 0: hash recomputed ok (= the block hash list entry), Ed25519 signature verifies, from = keccak(alg||pubkey)[12:]
   tx 50000: hash recomputed ok (= the block hash list entry), Ed25519 signature verifies, from = keccak(alg||pubkey)[12:]
   tx 100000: hash recomputed ok (= the block hash list entry), Ed25519 signature verifies, from = keccak(alg||pubkey)[12:]
   tx 150000: hash recomputed ok (= the block hash list entry), Ed25519 signature verifies, from = keccak(alg||pubkey)[12:]
   tx 199999: hash recomputed ok (= the block hash list entry), Ed25519 signature verifies, from = keccak(alg||pubkey)[12:]
block 1170: 200000 txs (log 200000), 200000 receipts, status ok 200000, cumulative gas rising: True, ends at 4,200,000,000 = block 1171 header gasUsed 4,200,000,000: True, receipt hashes equal the block hash list in order: True
   tx 0: hash recomputed ok (= the block hash list entry), Ed25519 signature verifies, from = keccak(alg||pubkey)[12:]
   tx 50000: hash recomputed ok (= the block hash list entry), Ed25519 signature verifies, from = keccak(alg||pubkey)[12:]
   tx 100000: hash recomputed ok (= the block hash list entry), Ed25519 signature verifies, from = keccak(alg||pubkey)[12:]
   tx 150000: hash recomputed ok (= the block hash list entry), Ed25519 signature verifies, from = keccak(alg||pubkey)[12:]
   tx 199999: hash recomputed ok (= the block hash list entry), Ed25519 signature verifies, from = keccak(alg||pubkey)[12:]
block 1880: 109500 txs (log 109500), 109500 receipts, status ok 109500, cumulative gas rising: True, ends at 2,299,500,000 = block 1881 header gasUsed 4,200,000,000: False, receipt hashes equal the block hash list in order: True
   tx 0: hash recomputed ok (= the block hash list entry), Ed25519 signature verifies, from = keccak(alg||pubkey)[12:]
   tx 27375: hash recomputed ok (= the block hash list entry), Ed25519 signature verifies, from = keccak(alg||pubkey)[12:]
   tx 54750: hash recomputed ok (= the block hash list entry), Ed25519 signature verifies, from = keccak(alg||pubkey)[12:]
   tx 82125: hash recomputed ok (= the block hash list entry), Ed25519 signature verifies, from = keccak(alg||pubkey)[12:]
   tx 109499: hash recomputed ok (= the block hash list entry), Ed25519 signature verifies, from = keccak(alg||pubkey)[12:]
BAD block 460: count/status/gas/hash order
BAD block 1880: count/status/gas/hash order
RESULT BAD
