tests from 22:12 (no claim)
tests passed at 22:16: 101 tests
built 5ca8a74b5+tree at 22:19
waiting for a quiet box from 22:19
claimed at 22:21 (1789957230): avail 124G load 2.76
leg loop190Y0a start 22:21:03 load 2.76
round loop190Y0a exit 0 at 22:25:08
loop190Y0a save stages (node0, seconds summed over the leg / count): batch_size=537.0/179  batch_size=537.0/179  reth_consensus_engine_beacon_persistence_duration=91.0/179  duration_seconds=90.5/179  total=55.3/179  rocksdb=40.8/179  sf=32.8/179  commit_rocksdb=24.5/269  commit_sf=9.7/269  commit_mdbx=0.2/269
el binary: /home/n42/src/n42/n42-rs/target/deferred/release/n42 env: N42_TX_INGEST_RECOVER_PARALLEL=12 N42_HASHED_TABLES=off MALLOC_CONF=thp:always,oversize_threshold:0,dirty_decay_ms:2000,background_thread:true RAYON_NUM_THREADS=16 N42_QMDB_READS=on F7_BLOCK_INTERVAL_MS=275
loop190Y0a tc=1 invalid_blocks=0 incomplete=0 gas_mismatch=0 direct_imports_failed=0 stuck_at_hashed_state=0 engine_idles_over_5s=1 proposals_given_up=0 tables_off_nodes=7 unanswered_reads=0 seal_first_total=366 seal_first_direct=366 direct_guard_errors=0 commit_ms_median=17 fold_ms_median=77 sealed_at_ms_median=220 state_ready_ms_median=19 build_total_ms_median=294 recover_us_median=14 par_exec_ms_median=64 par_exec_ms_median=64 giveback_filtered=0 giveback_offered_max=0 seal_first=366 reader_lag_max=9 reader_lag_warns=0 view_invalidated=0 el_sum_peak_g=68.7 el_max_peak_g=10.7 val_sum_peak_g=7.4 flood_peak_g=0.0 two_roads_blocks=0 two_roads_overlap_ms_median=- exec_on_output_declined=0 r1_collect_ms_median=151 proposal_at_ms_median=263 view_total_ms_median=286 import_exec_ms_median=137 import_total_ms_median=352 import_senders_ms_median=31 import_convert_ms_median=55 import_groups_median=347 imports_over_600ms=38 min_avail_g=61.1 road_foreign_body_recv_ms=- road_foreign_body_decode_ms=- road_foreign_body_senders_ms=- road_foreign_body_parent_wait_ms=- road_foreign_body_check_ms=- road_foreign_body_total_ms=- road_new_payload_recv_ms=16 road_new_payload_decode_ms=14 road_new_payload_senders_ms=31 road_new_payload_parent_wait_ms=0 road_new_payload_check_ms=5 road_new_payload_total_ms=194 road_foreign_body_blocks=0 road_new_payload_blocks=4351 body_refused=0 body_failed_late=0
loop190Y0a win1 tps= 429,205 txs=12,877,000 blocks= 79 cycle=0.380s occupancy= 99.0% full(>=95%)=78/79 basefee=763->6594216
loop190Y0a win2 tps= 391,156 txs=11,736,000 blocks= 72 cycle=0.417s occupancy=100.0% full(>=95%)=72/72 basefee=235362607672->1008246123433282
loop190Y0a win3 tps= 243,991 txs=7,320,000 blocks= 79 cycle=0.380s occupancy= 58.1% full(>=95%)=45/79 basefee=34925801106594189->18070944433307900887
loop190Y0a tps=429,205 round_txs=31933000 cycles_w1=350
loop190Y0a verify: written to /data/blockchain/rust-fleet7-bench/bench-loop190Y0a/verify.json
leg loop190Y1a start 22:26:03 load 30.46
round loop190Y1a exit 0 at 22:29:38
loop190Y1a save stages (node0, seconds summed over the leg / count): batch_size=432.0/144  batch_size=432.0/144  reth_consensus_engine_beacon_persistence_duration=75.9/144  duration_seconds=75.6/144  total=48.1/144  rocksdb=30.8/144  sf=26.5/144  commit_rocksdb=20.3/217  commit_sf=6.6/217  mdbx=0.1/144
el binary: /home/n42/src/n42/n42-rs/target/deferred/release/n42 env: N42_TX_INGEST_RECOVER_PARALLEL=12 N42_HASHED_TABLES=off MALLOC_CONF=thp:always,oversize_threshold:0,dirty_decay_ms:2000,background_thread:true RAYON_NUM_THREADS=16 N42_QMDB_READS=on F7_BLOCK_INTERVAL_MS=275
loop190Y1a tc=1 invalid_blocks=0 incomplete=0 gas_mismatch=0 direct_imports_failed=0 stuck_at_hashed_state=0 engine_idles_over_5s=1 proposals_given_up=0 tables_off_nodes=7 unanswered_reads=0 seal_first_total=279 seal_first_direct=279 direct_guard_errors=0 commit_ms_median=17 fold_ms_median=77 sealed_at_ms_median=221 state_ready_ms_median=19 build_total_ms_median=300 recover_us_median=13 par_exec_ms_median=74 par_exec_ms_median=74 giveback_filtered=0 giveback_offered_max=0 seal_first=279 reader_lag_max=9 reader_lag_warns=0 view_invalidated=0 el_sum_peak_g=72.1 el_max_peak_g=11.0 val_sum_peak_g=5.4 flood_peak_g=0.0 two_roads_blocks=0 two_roads_overlap_ms_median=- exec_on_output_declined=0 r1_collect_ms_median=167 proposal_at_ms_median=264 view_total_ms_median=458 import_exec_ms_median=163 import_total_ms_median=342 import_senders_ms_median=32 import_convert_ms_median=0 import_groups_median=331 imports_over_600ms=52 min_avail_g=72.8 road_foreign_body_recv_ms=18 road_foreign_body_decode_ms=72 road_foreign_body_senders_ms=32 road_foreign_body_parent_wait_ms=0 road_foreign_body_check_ms=5 road_foreign_body_total_ms=207 road_new_payload_recv_ms=- road_new_payload_decode_ms=- road_new_payload_senders_ms=- road_new_payload_parent_wait_ms=- road_new_payload_check_ms=- road_new_payload_total_ms=- road_foreign_body_blocks=3083 road_new_payload_blocks=0 body_refused=0 body_failed_late=0
loop190Y1a win1 tps= 416,815 txs=12,505,000 blocks= 77 cycle=0.390s occupancy= 98.3% full(>=95%)=75/77 basefee=826->5278957
loop190Y1a win2 tps= 336,854 txs=10,106,000 blocks= 62 cycle=0.484s occupancy=100.0% full(>=95%)=62/62 basefee=429724374376->566883553371482
loop190Y1a win3 tps= 0 txs= 0 blocks= 48 cycle=0.625s occupancy= 0.0% full(>=95%)=0/48 basefee=311068059669352->165377692583713507
loop190Y1a tps=416,815 round_txs=22611000 cycles_w1=371
loop190Y1a verify: written to /data/blockchain/rust-fleet7-bench/bench-loop190Y1a/verify.json
leg loop190Y0b start 22:30:53 load 19.29
round loop190Y0b exit 0 at 22:34:54
loop190Y0b save stages (node0, seconds summed over the leg / count): batch_size=510.0/170  batch_size=510.0/170  reth_consensus_engine_beacon_persistence_duration=111.7/170  duration_seconds=111.5/170  total=74.1/170  rocksdb=45.8/170  sf=40.9/170  commit_rocksdb=25.7/256  commit_sf=10.6/256  commit_mdbx=0.2/256
el binary: /home/n42/src/n42/n42-rs/target/deferred/release/n42 env: N42_TX_INGEST_RECOVER_PARALLEL=12 N42_HASHED_TABLES=off MALLOC_CONF=thp:always,oversize_threshold:0,dirty_decay_ms:2000,background_thread:true RAYON_NUM_THREADS=16 N42_QMDB_READS=on F7_BLOCK_INTERVAL_MS=275
loop190Y0b tc=1 invalid_blocks=0 incomplete=0 gas_mismatch=0 direct_imports_failed=0 stuck_at_hashed_state=0 engine_idles_over_5s=1 proposals_given_up=0 tables_off_nodes=7 unanswered_reads=0 seal_first_total=365 seal_first_direct=365 direct_guard_errors=0 commit_ms_median=18 fold_ms_median=78 sealed_at_ms_median=234 state_ready_ms_median=19 build_total_ms_median=309 recover_us_median=14 par_exec_ms_median=73 par_exec_ms_median=73 giveback_filtered=0 giveback_offered_max=0 seal_first=365 reader_lag_max=10 reader_lag_warns=0 view_invalidated=0 el_sum_peak_g=79.8 el_max_peak_g=11.9 val_sum_peak_g=7.0 flood_peak_g=0.0 two_roads_blocks=0 two_roads_overlap_ms_median=- exec_on_output_declined=0 r1_collect_ms_median=218 proposal_at_ms_median=263 view_total_ms_median=315 import_exec_ms_median=157 import_total_ms_median=384 import_senders_ms_median=30 import_convert_ms_median=55 import_groups_median=333 imports_over_600ms=179 min_avail_g=65.0 road_foreign_body_recv_ms=- road_foreign_body_decode_ms=- road_foreign_body_senders_ms=- road_foreign_body_parent_wait_ms=- road_foreign_body_check_ms=- road_foreign_body_total_ms=- road_new_payload_recv_ms=15 road_new_payload_decode_ms=13 road_new_payload_senders_ms=30 road_new_payload_parent_wait_ms=0 road_new_payload_check_ms=5 road_new_payload_total_ms=193 road_foreign_body_blocks=0 road_new_payload_blocks=4093 body_refused=0 body_failed_late=0
loop190Y0b win1 tps= 429,155 txs=12,877,000 blocks= 79 cycle=0.380s occupancy= 98.7% full(>=95%)=78/79 basefee=826->7143745
loop190Y0b win2 tps= 336,854 txs=10,106,000 blocks= 62 cycle=0.484s occupancy=100.0% full(>=95%)=62/62 basefee=581127975820->766612069364395
loop190Y0b win3 tps= 315,111 txs=9,454,000 blocks= 58 cycle=0.517s occupancy=100.0% full(>=95%)=58/58 basefee=85481665734072192->17082052820104863593
loop190Y0b tps=429,155 round_txs=32437000 cycles_w1=364
loop190Y0b verify: written to /data/blockchain/rust-fleet7-bench/bench-loop190Y0b/verify.json
leg loop190Y1b start 22:35:44 load 43.19
round loop190Y1b exit 0 at 22:39:42
loop190Y1b save stages (node0, seconds summed over the leg / count): batch_size=518.0/172  batch_size=518.0/172  reth_consensus_engine_beacon_persistence_duration=104.0/172  duration_seconds=103.9/172  total=66.1/172  rocksdb=43.9/172  sf=42.3/172  commit_rocksdb=27.3/259  commit_sf=8.7/259  commit_mdbx=1.0/259
el binary: /home/n42/src/n42/n42-rs/target/deferred/release/n42 env: N42_TX_INGEST_RECOVER_PARALLEL=12 N42_HASHED_TABLES=off MALLOC_CONF=thp:always,oversize_threshold:0,dirty_decay_ms:2000,background_thread:true RAYON_NUM_THREADS=16 N42_QMDB_READS=on F7_BLOCK_INTERVAL_MS=275
loop190Y1b tc=1 invalid_blocks=0 incomplete=0 gas_mismatch=0 direct_imports_failed=0 stuck_at_hashed_state=0 engine_idles_over_5s=1 proposals_given_up=0 tables_off_nodes=7 unanswered_reads=0 seal_first_total=357 seal_first_direct=357 direct_guard_errors=0 commit_ms_median=16 fold_ms_median=76 sealed_at_ms_median=223 state_ready_ms_median=20 build_total_ms_median=302 recover_us_median=14 par_exec_ms_median=66 par_exec_ms_median=66 giveback_filtered=0 giveback_offered_max=0 seal_first=357 reader_lag_max=10 reader_lag_warns=0 view_invalidated=0 el_sum_peak_g=80.6 el_max_peak_g=11.9 val_sum_peak_g=5.7 flood_peak_g=0.0 two_roads_blocks=0 two_roads_overlap_ms_median=- exec_on_output_declined=0 r1_collect_ms_median=160 proposal_at_ms_median=263 view_total_ms_median=287 import_exec_ms_median=151 import_total_ms_median=333 import_senders_ms_median=31 import_convert_ms_median=0 import_groups_median=340 imports_over_600ms=81 min_avail_g=61.6 road_foreign_body_recv_ms=14 road_foreign_body_decode_ms=69 road_foreign_body_senders_ms=31 road_foreign_body_parent_wait_ms=0 road_foreign_body_check_ms=5 road_foreign_body_total_ms=188 road_new_payload_recv_ms=- road_new_payload_decode_ms=- road_new_payload_senders_ms=- road_new_payload_parent_wait_ms=- road_new_payload_check_ms=- road_new_payload_total_ms=- road_foreign_body_blocks=4243 road_new_payload_blocks=0 body_refused=0 body_failed_late=0
loop190Y1b win1 tps= 438,979 txs=13,170,000 blocks= 81 cycle=0.370s occupancy= 98.5% full(>=95%)=79/81 basefee=826->8630870
loop190Y1b win2 tps= 396,619 txs=11,899,000 blocks= 73 cycle=0.411s occupancy=100.0% full(>=95%)=73/73 basefee=94864487148->457177953664642
loop190Y1b win3 tps= 278,725 txs=8,362,000 blocks= 63 cycle=0.476s occupancy= 83.0% full(>=95%)=49/63 basefee=940484114206344365->18375101222230498619
loop190Y1b tps=438,979 round_txs=33431000 cycles_w1=348
loop190Y1b verify: written to /data/blockchain/rust-fleet7-bench/bench-loop190Y1b/verify.json
leg loop190Y0c start 22:40:37 load 38.84
round loop190Y0c exit 0 at 22:44:33
loop190Y0c save stages (node0, seconds summed over the leg / count): batch_size=502.0/167  batch_size=502.0/167  reth_consensus_engine_beacon_persistence_duration=112.9/167  duration_seconds=112.5/167  total=74.5/167  sf=46.9/167  rocksdb=43.2/167  commit_rocksdb=26.5/251  commit_sf=10.2/251  commit_mdbx=0.7/251
el binary: /home/n42/src/n42/n42-rs/target/deferred/release/n42 env: N42_TX_INGEST_RECOVER_PARALLEL=12 N42_HASHED_TABLES=off MALLOC_CONF=thp:always,oversize_threshold:0,dirty_decay_ms:2000,background_thread:true RAYON_NUM_THREADS=16 N42_QMDB_READS=on F7_BLOCK_INTERVAL_MS=275
loop190Y0c tc=1 invalid_blocks=0 incomplete=0 gas_mismatch=0 direct_imports_failed=0 stuck_at_hashed_state=0 engine_idles_over_5s=1 proposals_given_up=0 tables_off_nodes=7 unanswered_reads=0 seal_first_total=362 seal_first_direct=362 direct_guard_errors=0 commit_ms_median=17 fold_ms_median=76 sealed_at_ms_median=229 state_ready_ms_median=18 build_total_ms_median=304 recover_us_median=13 par_exec_ms_median=74 par_exec_ms_median=74 giveback_filtered=0 giveback_offered_max=0 seal_first=362 reader_lag_max=10 reader_lag_warns=0 view_invalidated=0 el_sum_peak_g=76.6 el_max_peak_g=11.4 val_sum_peak_g=7.2 flood_peak_g=0.0 two_roads_blocks=0 two_roads_overlap_ms_median=- exec_on_output_declined=0 r1_collect_ms_median=209 proposal_at_ms_median=263 view_total_ms_median=315 import_exec_ms_median=151 import_total_ms_median=371 import_senders_ms_median=31 import_convert_ms_median=55 import_groups_median=338 imports_over_600ms=153 min_avail_g=64.0 road_foreign_body_recv_ms=- road_foreign_body_decode_ms=- road_foreign_body_senders_ms=- road_foreign_body_parent_wait_ms=- road_foreign_body_check_ms=- road_foreign_body_total_ms=- road_new_payload_recv_ms=16 road_new_payload_decode_ms=14 road_new_payload_senders_ms=31 road_new_payload_parent_wait_ms=0 road_new_payload_check_ms=5 road_new_payload_total_ms=198 road_foreign_body_blocks=0 road_new_payload_blocks=4045 body_refused=0 body_failed_late=0
loop190Y0c win1 tps= 431,578 txs=12,948,500 blocks= 80 cycle=0.375s occupancy= 98.0% full(>=95%)=78/80 basefee=814->7033132
loop190Y0c win2 tps= 325,985 txs=9,780,000 blocks= 60 cycle=0.500s occupancy=100.0% full(>=95%)=60/60 basefee=402099175315->419113844258509
loop190Y0c win3 tps= 331,420 txs=9,943,000 blocks= 61 cycle=0.492s occupancy=100.0% full(>=95%)=61/61 basefee=345164232889732216->16829027769061778074
loop190Y0c tps=431,578 round_txs=32671500 cycles_w1=358
loop190Y0c verify: written to /data/blockchain/rust-fleet7-bench/bench-loop190Y0c/verify.json
leg loop190Y1c start 22:45:23 load 50.35
round loop190Y1c exit 0 at 22:49:22
loop190Y1c save stages (node0, seconds summed over the leg / count): batch_size=525.0/175  batch_size=525.0/175  reth_consensus_engine_beacon_persistence_duration=109.1/175  duration_seconds=108.7/175  total=68.7/175  sf=46.3/175  rocksdb=43.3/175  commit_rocksdb=27.8/263  commit_sf=11.0/263  commit_mdbx=0.6/263
el binary: /home/n42/src/n42/n42-rs/target/deferred/release/n42 env: N42_TX_INGEST_RECOVER_PARALLEL=12 N42_HASHED_TABLES=off MALLOC_CONF=thp:always,oversize_threshold:0,dirty_decay_ms:2000,background_thread:true RAYON_NUM_THREADS=16 N42_QMDB_READS=on F7_BLOCK_INTERVAL_MS=275
loop190Y1c tc=1 invalid_blocks=0 incomplete=0 gas_mismatch=0 direct_imports_failed=0 stuck_at_hashed_state=0 engine_idles_over_5s=1 proposals_given_up=0 tables_off_nodes=7 unanswered_reads=0 seal_first_total=366 seal_first_direct=366 direct_guard_errors=0 commit_ms_median=17 fold_ms_median=78 sealed_at_ms_median=224 state_ready_ms_median=21 build_total_ms_median=304 recover_us_median=14 par_exec_ms_median=66 par_exec_ms_median=66 giveback_filtered=0 giveback_offered_max=0 seal_first=366 reader_lag_max=10 reader_lag_warns=0 view_invalidated=0 el_sum_peak_g=79.2 el_max_peak_g=11.8 val_sum_peak_g=5.7 flood_peak_g=0.0 two_roads_blocks=0 two_roads_overlap_ms_median=- exec_on_output_declined=0 r1_collect_ms_median=182 proposal_at_ms_median=263 view_total_ms_median=295 import_exec_ms_median=149 import_total_ms_median=322 import_senders_ms_median=32 import_convert_ms_median=0 import_groups_median=344 imports_over_600ms=49 min_avail_g=63.2 road_foreign_body_recv_ms=15 road_foreign_body_decode_ms=72 road_foreign_body_senders_ms=32 road_foreign_body_parent_wait_ms=0 road_foreign_body_check_ms=6 road_foreign_body_total_ms=193 road_new_payload_recv_ms=- road_new_payload_decode_ms=- road_new_payload_senders_ms=- road_new_payload_parent_wait_ms=- road_new_payload_check_ms=- road_new_payload_total_ms=- road_foreign_body_blocks=4231 road_new_payload_blocks=0 body_refused=0 body_failed_late=0
loop190Y1c win1 tps= 432,705 txs=12,982,500 blocks= 80 cycle=0.375s occupancy= 98.3% full(>=95%)=78/80 basefee=826->7409704
loop190Y1c win2 tps= 390,773 txs=11,736,000 blocks= 72 cycle=0.417s occupancy=100.0% full(>=95%)=72/72 basefee=208963374022->895157110472814
loop190Y1c win3 tps= 291,975 txs=8,759,500 blocks= 69 cycle=0.435s occupancy= 79.3% full(>=95%)=54/69 basefee=221526943982132421->17300947445699002844
loop190Y1c tps=432,705 round_txs=33478000 cycles_w1=359
loop190Y1c verify: written to /data/blockchain/rust-fleet7-bench/bench-loop190Y1c/verify.json
released at 22:50
ALLDONE
