tests from 22:58 (no claim)
tests passed at 23:02: 113 tests
built ffb3144e9+tree at 23:05
waiting for a quiet box from 23:05
claimed at 23:07 (1789960002): avail 126G load 1.55
leg loop191Z0a start 23:07:32 load 1.55
round loop191Z0a exit 0 at 23:11:26
loop191Z0a save stages (node0, seconds summed over the leg / count): batch_size=496.0/165  batch_size=496.0/165  reth_consensus_engine_beacon_persistence_duration=108.7/165  duration_seconds=108.3/165  total=70.4/165  rocksdb=42.5/165  sf=36.3/165  commit_rocksdb=26.6/248  commit_sf=10.4/248  commit_mdbx=0.3/248
el binary: /home/n42/src/n42/n42-rs/target/deferred/release/n42 env: N42_TX_INGEST_RECOVER_PARALLEL=12 N42_HASHED_TABLES=off MALLOC_CONF=thp:always,oversize_threshold:0,dirty_decay_ms:2000,background_thread:true RAYON_NUM_THREADS=16 N42_QMDB_READS=on F7_BLOCK_INTERVAL_MS=275
loop191Z0a tc=1 invalid_blocks=0 incomplete=0 gas_mismatch=0 direct_imports_failed=0 stuck_at_hashed_state=0 engine_idles_over_5s=1 proposals_given_up=0 tables_off_nodes=7 unanswered_reads=0 seal_first_total=366 seal_first_direct=366 direct_guard_errors=0 commit_ms_median=16 fold_ms_median=75 sealed_at_ms_median=223 state_ready_ms_median=18 build_total_ms_median=301 recover_us_median=13 par_exec_ms_median=77 par_exec_ms_median=77 giveback_filtered=0 giveback_offered_max=0 seal_first=366 reader_lag_max=10 reader_lag_warns=0 view_invalidated=0 el_sum_peak_g=68.9 el_max_peak_g=10.5 val_sum_peak_g=6.9 flood_peak_g=0.0 two_roads_blocks=0 two_roads_overlap_ms_median=- exec_on_output_declined=0 r1_collect_ms_median=237 proposal_at_ms_median=219 view_total_ms_median=353 import_exec_ms_median=166 import_total_ms_median=393 import_senders_ms_median=30 import_convert_ms_median=54 import_groups_median=329 imports_over_600ms=132 min_avail_g=69.7 road_foreign_body_recv_ms=- road_foreign_body_decode_ms=- road_foreign_body_senders_ms=- road_foreign_body_parent_wait_ms=- road_foreign_body_check_ms=- road_foreign_body_total_ms=- road_new_payload_recv_ms=21 road_new_payload_decode_ms=14 road_new_payload_senders_ms=30 road_new_payload_parent_wait_ms=0 road_new_payload_check_ms=5 road_new_payload_total_ms=212 road_foreign_body_blocks=0 road_new_payload_blocks=3901 fcu_answered=0 fcu_in_flight_ms_median=- fcu_queued_ms_median=- fcu_queued_ms_max= fcu_refused=0 fcu_slow=7 bodies_held=0 body_refused=0 body_failed_late=0
loop191Z0a win1 tps= 401,572 txs=12,049,000 blocks= 74 cycle=0.405s occupancy= 98.5% full(>=95%)=72/74 basefee=723->3405958
loop191Z0a win2 tps= 336,500 txs=10,106,000 blocks= 62 cycle=0.484s occupancy=100.0% full(>=95%)=62/62 basefee=51558220981->68014544336699
loop191Z0a win3 tps= 320,475 txs=9,617,000 blocks= 59 cycle=0.509s occupancy=100.0% full(>=95%)=59/59 basefee=113556162347240036->17979150684033531373
loop191Z0a tps=401,572 round_txs=31772000 cycles_w1=375
loop191Z0a verify: written to /data/blockchain/rust-fleet7-bench/bench-loop191Z0a/verify.json
leg loop191Z1a start 23:12:12 load 42.97
round loop191Z1a exit 0 at 23:16:14
loop191Z1a save stages (node0, seconds summed over the leg / count): batch_size=493.0/164  batch_size=493.0/164  reth_consensus_engine_beacon_persistence_duration=117.4/164  duration_seconds=116.9/164  total=76.2/164  rocksdb=42.0/164  sf=40.3/164  commit_rocksdb=28.5/247  commit_sf=10.9/247  commit_mdbx=0.9/247
el binary: /home/n42/src/n42/n42-rs/target/deferred/release/n42 env: N42_TX_INGEST_RECOVER_PARALLEL=12 N42_HASHED_TABLES=off MALLOC_CONF=thp:always,oversize_threshold:0,dirty_decay_ms:2000,background_thread:true RAYON_NUM_THREADS=16 N42_QMDB_READS=on F7_BLOCK_INTERVAL_MS=275
loop191Z1a tc=1 invalid_blocks=0 incomplete=0 gas_mismatch=0 direct_imports_failed=0 stuck_at_hashed_state=0 engine_idles_over_5s=1 proposals_given_up=0 tables_off_nodes=7 unanswered_reads=0 seal_first_total=366 seal_first_direct=366 direct_guard_errors=0 commit_ms_median=18 fold_ms_median=77 sealed_at_ms_median=228 state_ready_ms_median=19 build_total_ms_median=311 recover_us_median=13 par_exec_ms_median=77 par_exec_ms_median=77 giveback_filtered=0 giveback_offered_max=0 seal_first=366 reader_lag_max=10 reader_lag_warns=0 view_invalidated=0 el_sum_peak_g=71.6 el_max_peak_g=10.7 val_sum_peak_g=6.8 flood_peak_g=0.0 two_roads_blocks=0 two_roads_overlap_ms_median=- exec_on_output_declined=0 r1_collect_ms_median=220 proposal_at_ms_median=247 view_total_ms_median=345 import_exec_ms_median=170 import_total_ms_median=406 import_senders_ms_median=30 import_convert_ms_median=54 import_groups_median=341 imports_over_600ms=207 min_avail_g=68.2 road_foreign_body_recv_ms=- road_foreign_body_decode_ms=- road_foreign_body_senders_ms=- road_foreign_body_parent_wait_ms=- road_foreign_body_check_ms=- road_foreign_body_total_ms=- road_new_payload_recv_ms=18 road_new_payload_decode_ms=13 road_new_payload_senders_ms=30 road_new_payload_parent_wait_ms=0 road_new_payload_check_ms=5 road_new_payload_total_ms=206 road_foreign_body_blocks=0 road_new_payload_blocks=3895 fcu_answered=280 fcu_in_flight_ms_median=34 fcu_queued_ms_median=0 fcu_queued_ms_max=0 fcu_refused=0 fcu_slow=11 bodies_held=0 body_refused=0 body_failed_late=0
loop191Z1a win1 tps= 407,483 txs=12,225,000 blocks= 75 cycle=0.400s occupancy= 98.7% full(>=95%)=74/75 basefee=826->4459806
loop191Z1a win2 tps= 331,198 txs=9,943,000 blocks= 61 cycle=0.492s occupancy=100.0% full(>=95%)=61/61 basefee=88333934018->103580718523165
loop191Z1a win3 tps= 336,509 txs=10,096,000 blocks= 62 cycle=0.484s occupancy= 99.9% full(>=95%)=61/62 basefee=153721746865497984->16860662151807250964
loop191Z1a tps=407,483 round_txs=32264000 cycles_w1=374
loop191Z1a verify: written to /data/blockchain/rust-fleet7-bench/bench-loop191Z1a/verify.json
leg loop191Z2a start 23:17:00 load 61.35
round loop191Z2a exit 0 at 23:20:56
loop191Z2a save stages (node0, seconds summed over the leg / count): batch_size=514.0/171  batch_size=514.0/171  reth_consensus_engine_beacon_persistence_duration=107.0/171  duration_seconds=106.7/171  total=69.4/171  rocksdb=41.3/171  sf=38.2/171  commit_rocksdb=26.4/257  commit_sf=10.0/257  commit_mdbx=0.2/257
el binary: /home/n42/src/n42/n42-rs/target/deferred/release/n42 env: N42_TX_INGEST_RECOVER_PARALLEL=12 N42_HASHED_TABLES=off MALLOC_CONF=thp:always,oversize_threshold:0,dirty_decay_ms:2000,background_thread:true RAYON_NUM_THREADS=16 N42_QMDB_READS=on F7_BLOCK_INTERVAL_MS=275
loop191Z2a tc=1 invalid_blocks=0 incomplete=0 gas_mismatch=0 direct_imports_failed=0 stuck_at_hashed_state=0 engine_idles_over_5s=1 proposals_given_up=0 tables_off_nodes=7 unanswered_reads=0 seal_first_total=363 seal_first_direct=363 direct_guard_errors=0 commit_ms_median=17 fold_ms_median=77 sealed_at_ms_median=228 state_ready_ms_median=19 build_total_ms_median=303 recover_us_median=14 par_exec_ms_median=76 par_exec_ms_median=76 giveback_filtered=0 giveback_offered_max=0 seal_first=363 reader_lag_max=9 reader_lag_warns=0 view_invalidated=0 el_sum_peak_g=79.2 el_max_peak_g=11.6 val_sum_peak_g=5.7 flood_peak_g=0.0 two_roads_blocks=0 two_roads_overlap_ms_median=- exec_on_output_declined=0 r1_collect_ms_median=182 proposal_at_ms_median=263 view_total_ms_median=286 import_exec_ms_median=164 import_total_ms_median=344 import_senders_ms_median=33 import_convert_ms_median=0 import_groups_median=313 imports_over_600ms=86 min_avail_g=68.5 road_foreign_body_recv_ms=16 road_foreign_body_decode_ms=73 road_foreign_body_senders_ms=33 road_foreign_body_parent_wait_ms=0 road_foreign_body_check_ms=5 road_foreign_body_total_ms=204 road_new_payload_recv_ms=- road_new_payload_decode_ms=- road_new_payload_senders_ms=- road_new_payload_parent_wait_ms=- road_new_payload_check_ms=- road_new_payload_total_ms=- road_foreign_body_blocks=4129 road_new_payload_blocks=0 fcu_answered=301 fcu_in_flight_ms_median=29 fcu_queued_ms_median=0 fcu_queued_ms_max=0 fcu_refused=0 fcu_slow=8 bodies_held=0 body_refused=0 body_failed_late=0
loop191Z2a win1 tps= 434,148 txs=13,025,000 blocks= 80 cycle=0.375s occupancy= 98.6% full(>=95%)=78/80 basefee=826->7872921
loop191Z2a win2 tps= 353,147 txs=10,595,000 blocks= 65 cycle=0.462s occupancy=100.0% full(>=95%)=65/65 basefee=316127804547->593778040062900
loop191Z2a win3 tps= 325,988 txs=9,780,000 blocks= 60 cycle=0.500s occupancy=100.0% full(>=95%)=60/60 basefee=391746719092114257->16977982680806069864
loop191Z2a tps=434,148 round_txs=33400000 cycles_w1=360
loop191Z2a verify: written to /data/blockchain/rust-fleet7-bench/bench-loop191Z2a/verify.json
leg loop191Z0b start 23:21:48 load 41.11
round loop191Z0b exit 0 at 23:25:35
loop191Z0b save stages (node0, seconds summed over the leg / count): batch_size=505.0/168  batch_size=505.0/168  reth_consensus_engine_beacon_persistence_duration=108.6/168  duration_seconds=108.2/168  total=73.4/168  rocksdb=45.6/168  sf=41.4/168  commit_rocksdb=25.3/253  commit_sf=8.4/253  commit_mdbx=0.4/253
el binary: /home/n42/src/n42/n42-rs/target/deferred/release/n42 env: N42_TX_INGEST_RECOVER_PARALLEL=12 N42_HASHED_TABLES=off MALLOC_CONF=thp:always,oversize_threshold:0,dirty_decay_ms:2000,background_thread:true RAYON_NUM_THREADS=16 N42_QMDB_READS=on F7_BLOCK_INTERVAL_MS=275
loop191Z0b tc=1 invalid_blocks=0 incomplete=0 gas_mismatch=0 direct_imports_failed=0 stuck_at_hashed_state=0 engine_idles_over_5s=1 proposals_given_up=0 tables_off_nodes=7 unanswered_reads=0 seal_first_total=361 seal_first_direct=361 direct_guard_errors=0 commit_ms_median=18 fold_ms_median=76 sealed_at_ms_median=223 state_ready_ms_median=18 build_total_ms_median=298 recover_us_median=13 par_exec_ms_median=72 par_exec_ms_median=72 giveback_filtered=0 giveback_offered_max=166072 seal_first=361 reader_lag_max=10 reader_lag_warns=0 view_invalidated=0 el_sum_peak_g=79.3 el_max_peak_g=11.9 val_sum_peak_g=7.2 flood_peak_g=0.0 two_roads_blocks=0 two_roads_overlap_ms_median=- exec_on_output_declined=0 r1_collect_ms_median=203 proposal_at_ms_median=263 view_total_ms_median=305 import_exec_ms_median=149 import_total_ms_median=373 import_senders_ms_median=30 import_convert_ms_median=54 import_groups_median=357 imports_over_600ms=144 min_avail_g=63.4 road_foreign_body_recv_ms=- road_foreign_body_decode_ms=- road_foreign_body_senders_ms=- road_foreign_body_parent_wait_ms=- road_foreign_body_check_ms=- road_foreign_body_total_ms=- road_new_payload_recv_ms=15 road_new_payload_decode_ms=13 road_new_payload_senders_ms=30 road_new_payload_parent_wait_ms=0 road_new_payload_check_ms=5 road_new_payload_total_ms=192 road_foreign_body_blocks=0 road_new_payload_blocks=4093 fcu_answered=0 fcu_in_flight_ms_median=- fcu_queued_ms_median=- fcu_queued_ms_max= fcu_refused=0 fcu_slow=7 bodies_held=0 body_refused=0 body_failed_late=0
loop191Z0b win1 tps= 426,913 txs=12,808,000 blocks= 79 cycle=0.380s occupancy= 98.2% full(>=95%)=77/79 basefee=826->6470327
loop191Z0b win2 tps= 358,528 txs=10,758,000 blocks= 66 cycle=0.455s occupancy=100.0% full(>=95%)=66/66 basefee=666612009589->1408598081858184
loop191Z0b win3 tps= 298,823 txs=8,965,000 blocks= 55 cycle=0.545s occupancy=100.0% full(>=95%)=55/55 basefee=945738564056959685->17417623093361368183
loop191Z0b tps=426,913 round_txs=32531000 cycles_w1=354
loop191Z0b verify: written to /data/blockchain/rust-fleet7-bench/bench-loop191Z0b/verify.json
leg loop191Z1b start 23:26:27 load 43.90
round loop191Z1b exit 0 at 23:30:14
loop191Z1b save stages (node0, seconds summed over the leg / count): batch_size=514.0/170  batch_size=514.0/170  reth_consensus_engine_beacon_persistence_duration=115.2/170  duration_seconds=114.9/170  total=75.8/170  sf=46.5/170  rocksdb=41.0/170  commit_rocksdb=26.5/256  commit_sf=11.5/256  commit_mdbx=0.4/256
el binary: /home/n42/src/n42/n42-rs/target/deferred/release/n42 env: N42_TX_INGEST_RECOVER_PARALLEL=12 N42_HASHED_TABLES=off MALLOC_CONF=thp:always,oversize_threshold:0,dirty_decay_ms:2000,background_thread:true RAYON_NUM_THREADS=16 N42_QMDB_READS=on F7_BLOCK_INTERVAL_MS=275
loop191Z1b tc=1 invalid_blocks=0 incomplete=0 gas_mismatch=0 direct_imports_failed=0 stuck_at_hashed_state=0 engine_idles_over_5s=1 proposals_given_up=0 tables_off_nodes=7 unanswered_reads=0 seal_first_total=365 seal_first_direct=365 direct_guard_errors=0 commit_ms_median=17 fold_ms_median=77 sealed_at_ms_median=231 state_ready_ms_median=19 build_total_ms_median=306 recover_us_median=13 par_exec_ms_median=74 par_exec_ms_median=74 giveback_filtered=0 giveback_offered_max=0 seal_first=365 reader_lag_max=10 reader_lag_warns=0 view_invalidated=0 el_sum_peak_g=71.2 el_max_peak_g=10.9 val_sum_peak_g=7.1 flood_peak_g=0.0 two_roads_blocks=0 two_roads_overlap_ms_median=- exec_on_output_declined=0 r1_collect_ms_median=209 proposal_at_ms_median=263 view_total_ms_median=305 import_exec_ms_median=157 import_total_ms_median=381 import_senders_ms_median=30 import_convert_ms_median=55 import_groups_median=334 imports_over_600ms=150 min_avail_g=64.9 road_foreign_body_recv_ms=- road_foreign_body_decode_ms=- road_foreign_body_senders_ms=- road_foreign_body_parent_wait_ms=- road_foreign_body_check_ms=- road_foreign_body_total_ms=- road_new_payload_recv_ms=16 road_new_payload_decode_ms=13 road_new_payload_senders_ms=30 road_new_payload_parent_wait_ms=0 road_new_payload_check_ms=5 road_new_payload_total_ms=192 road_foreign_body_blocks=0 road_new_payload_blocks=4123 fcu_answered=294 fcu_in_flight_ms_median=28 fcu_queued_ms_median=0 fcu_queued_ms_max=0 fcu_refused=0 fcu_slow=11 bodies_held=0 body_refused=0 body_failed_late=0
loop191Z1b win1 tps= 430,743 txs=12,923,500 blocks= 80 cycle=0.375s occupancy= 97.9% full(>=95%)=78/80 basefee=783->6767853
loop191Z1b win2 tps= 331,268 txs=9,943,000 blocks= 61 cycle=0.492s occupancy=100.0% full(>=95%)=61/61 basefee=613876288606->719833750947502
loop191Z1b win3 tps= 336,687 txs=10,106,000 blocks= 62 cycle=0.484s occupancy=100.0% full(>=95%)=62/62 basefee=844079888120140427->18044677976790963165
loop191Z1b tps=430,743 round_txs=32972500 cycles_w1=362
loop191Z1b verify: written to /data/blockchain/rust-fleet7-bench/bench-loop191Z1b/verify.json
leg loop191Z2b start 23:31:06 load 44.13
round loop191Z2b exit 0 at 23:34:50
loop191Z2b save stages (node0, seconds summed over the leg / count): batch_size=529.0/176  batch_size=529.0/176  reth_consensus_engine_beacon_persistence_duration=112.6/176  duration_seconds=112.2/176  total=73.0/176  sf=44.2/176  rocksdb=43.7/176  commit_rocksdb=26.3/265  commit_sf=11.6/265  commit_mdbx=0.5/265
el binary: /home/n42/src/n42/n42-rs/target/deferred/release/n42 env: N42_TX_INGEST_RECOVER_PARALLEL=12 N42_HASHED_TABLES=off MALLOC_CONF=thp:always,oversize_threshold:0,dirty_decay_ms:2000,background_thread:true RAYON_NUM_THREADS=16 N42_QMDB_READS=on F7_BLOCK_INTERVAL_MS=275
loop191Z2b tc=1 invalid_blocks=0 incomplete=0 gas_mismatch=0 direct_imports_failed=0 stuck_at_hashed_state=0 engine_idles_over_5s=1 proposals_given_up=0 tables_off_nodes=7 unanswered_reads=0 seal_first_total=363 seal_first_direct=363 direct_guard_errors=0 commit_ms_median=17 fold_ms_median=76 sealed_at_ms_median=231 state_ready_ms_median=21 build_total_ms_median=302 recover_us_median=14 par_exec_ms_median=71 par_exec_ms_median=71 giveback_filtered=0 giveback_offered_max=0 seal_first=363 reader_lag_max=10 reader_lag_warns=0 view_invalidated=0 el_sum_peak_g=80.2 el_max_peak_g=11.9 val_sum_peak_g=5.8 flood_peak_g=0.0 two_roads_blocks=0 two_roads_overlap_ms_median=- exec_on_output_declined=0 r1_collect_ms_median=157 proposal_at_ms_median=264 view_total_ms_median=279 import_exec_ms_median=150 import_total_ms_median=330 import_senders_ms_median=32 import_convert_ms_median=0 import_groups_median=335 imports_over_600ms=98 min_avail_g=64.6 road_foreign_body_recv_ms=14 road_foreign_body_decode_ms=72 road_foreign_body_senders_ms=32 road_foreign_body_parent_wait_ms=0 road_foreign_body_check_ms=5 road_foreign_body_total_ms=196 road_new_payload_recv_ms=- road_new_payload_decode_ms=- road_new_payload_senders_ms=- road_new_payload_parent_wait_ms=- road_new_payload_check_ms=- road_new_payload_total_ms=- road_foreign_body_blocks=4243 road_new_payload_blocks=0 fcu_answered=308 fcu_in_flight_ms_median=23 fcu_queued_ms_median=0 fcu_queued_ms_max=0 fcu_refused=0 fcu_slow=9 bodies_held=0 body_refused=0 body_failed_late=0
loop191Z2b win1 tps= 432,477 txs=12,975,500 blocks= 80 cycle=0.375s occupancy= 98.3% full(>=95%)=78/80 basefee=827->7337286
loop191Z2b win2 tps= 364,017 txs=10,921,000 blocks= 67 cycle=0.448s occupancy=100.0% full(>=95%)=67/67 basefee=1724050964029->4098421123208420
loop191Z2b win3 tps= 252,609 txs=7,578,500 blocks= 72 cycle=0.417s occupancy= 66.0% full(>=95%)=46/72 basefee=20928200455115100->17910619823407040006
loop191Z2b tps=432,477 round_txs=31475000 cycles_w1=361
loop191Z2b verify: written to /data/blockchain/rust-fleet7-bench/bench-loop191Z2b/verify.json
released at 23:35
ALLDONE
