log: 1 lines match heal|inconsisten|unwind|corrupt|NippyJar|mismatch; the normal start-up line "Healing static file inconsistencies." x1 (at log line [11]); others: 0
blocks checked: [460, 1172, 1885] transaction counts from the log: [200000, 200000, 114000]
block 460: 200000 txs (log 200000), 200000 receipts, status ok 200000, cumulative gas rising: True, ends at 4,200,000,000 = block 462 header gasUsed 4,200,000,000: True, receipt hashes equal the block hash list in order: True
   tx 0: hash recomputed ok (= the block hash list entry), Ed25519 signature verifies, from = keccak(alg||pubkey)[12:]
   tx 50000: hash recomputed ok (= the block hash list entry), Ed25519 signature verifies, from = keccak(alg||pubkey)[12:]
   tx 100000: hash recomputed ok (= the block hash list entry), Ed25519 signature verifies, from = keccak(alg||pubkey)[12:]
   tx 150000: hash recomputed ok (= the block hash list entry), Ed25519 signature verifies, from = keccak(alg||pubkey)[12:]
   tx 199999: hash recomputed ok (= the block hash list entry), Ed25519 signature verifies, from = keccak(alg||pubkey)[12:]
block 1172: 200000 txs (log 200000), 200000 receipts, status ok 200000, cumulative gas rising: True, ends at 4,200,000,000 = block 1174 header gasUsed 4,200,000,000: True, receipt hashes equal the block hash list in order: True
   tx 0: hash recomputed ok (= the block hash list entry), Ed25519 signature verifies, from = keccak(alg||pubkey)[12:]
   tx 50000: hash recomputed ok (= the block hash list entry), Ed25519 signature verifies, from = keccak(alg||pubkey)[12:]
   tx 100000: hash recomputed ok (= the block hash list entry), Ed25519 signature verifies, from = keccak(alg||pubkey)[12:]
   tx 150000: hash recomputed ok (= the block hash list entry), Ed25519 signature verifies, from = keccak(alg||pubkey)[12:]
   tx 199999: hash recomputed ok (= the block hash list entry), Ed25519 signature verifies, from = keccak(alg||pubkey)[12:]
block 1885: 114000 txs (log 114000), 114000 receipts, status ok 114000, cumulative gas rising: True, ends at 2,394,000,000 = block 1887 header gasUsed 2,394,000,000: True, receipt hashes equal the block hash list in order: True
   tx 0: hash recomputed ok (= the block hash list entry), Ed25519 signature verifies, from = keccak(alg||pubkey)[12:]
   tx 28500: hash recomputed ok (= the block hash list entry), Ed25519 signature verifies, from = keccak(alg||pubkey)[12:]
   tx 57000: hash recomputed ok (= the block hash list entry), Ed25519 signature verifies, from = keccak(alg||pubkey)[12:]
   tx 85500: hash recomputed ok (= the block hash list entry), Ed25519 signature verifies, from = keccak(alg||pubkey)[12:]
   tx 113999: hash recomputed ok (= the block hash list entry), Ed25519 signature verifies, from = keccak(alg||pubkey)[12:]
RESULT ok
