tests from 15:48 (no claim)
test and build gate skipped: git diff --stat f2794a821 HEAD -- crates bin is empty (crates/ and bin/ unchanged since claim a build; LOOP350_GATE_TREES)
waiting for a quiet box from 15:48
ignoring a claim older than 90 minutes: /data/blockchain/.box-claim-datc (1791475650)
ignoring a claim older than 90 minutes: /data/blockchain/.box-claim-datc (1791475650)
ignoring a claim older than 90 minutes: /data/blockchain/.box-claim-datc (1791475650)
ignoring a claim older than 90 minutes: /data/blockchain/.box-claim-datc (1791475650)
claimed at 15:50 (1791488983): avail 97G load 0.56
tip af4162db5 tree: 1 changed files; native n42 built 12:08:30, h2_validator 12:06:41, deferred n42 12:31:52; last source change 15:07:41 (crates/n42/h2-net/src/config.rs)
replay set for every leg: /data/n42-pregen/g900000-400m (senders 12500)
leg loop350WARM: /data free 487G (needs 120 G)
plan loop350WARM: exit 0 (7 validators, 1 layer(s)): # validators 7, execution layers 1, 208 CPUs a layer, import-once 1, shared 1; # validators : 16 CPUs set aside, taskset -c 104-111,232-239; # fleet    : 7 nodes, quorum 5 of 7 (f = 2); 0 refusals
leg loop350WARM start 15:50:23 load 0.56
round loop350WARM exit 0 at 15:53:26
loop350WARM save stages (node0, seconds summed over the leg / count): batch_size=1992.0/651  batch_size=1992.0/651  reth_consensus_engine_beacon_persistence_duration=58.9/651  duration_seconds=55.5/651  total=50.8/651  scope=46.1/651  sf=44.3/651  sf_transactions=44.0/651  qmdb_persisted=24.1/651  sf_account_changesets=20.3/651
el binary: /data/n42-build/target-n42-rs/native/release/n42 env: N42_IMPORT_ONCE=1 N42_SETTLEMENT_TAGS=legacy N42_BUILD_THROTTLE_SOFT=48 F7_EL_MAP=0,0,0,0,0,0,0 N42_FIELDS_AT_SEAL=1 N42_FREEZE_AFTER_SEAL=1 N42_FRAME_BLOCKS=1 N42_TX_INGEST_RECOVER_PARALLEL=24 N42_FREEZE_POOL=own N42_PARALLEL_BUILD_THREADS=32 N42_PLAN_AHEAD=1 N42_HASHED_TABLES=off F7_FLOOD_RATE=6000000 N42_COMPACT_BODY=1 N42_BUILD_BATCHES=128 MALLOC_CONF=thp:always,oversize_threshold:0,dirty_decay_ms:2000,background_thread:true N42_SEAL_ON_COUNTERS=1 N42_ACCOUNT_HISTORY=off N42_TAKE_COMPACT=1 N42_SF_EARLY_WRITEBACK=1 F7_VAL_NO_MALLOC_CONF=1 N42_ROAD_RUNTIME=1 N42_TX_INGEST_HIGH_WATER=2500000 F7_BENCH_POOL_SLOTS=3000000 N42_PLAN_AHEAD_BODY=1 N42_SEAL_AT_EXEC=1 N42_TX_QUEUE_DRAIN_CHUNK=8192 N42_ANSWER_LAYOUT_ONLY=1 N42_PULL_BY_FRAMES=1 N42_SF_PARALLEL_ENCODE=1 N42_BUILD_THROTTLE_HARD=80 N42_LIVE_INDEX_DEFER=1 RAYON_NUM_THREADS=16 F7_VAL_CPUS=16 N42_ROOT_OPS_AHEAD=1 TOKIO_WORKER_THREADS=16 N42_QMDB_READS=on N42_LEADER_LAYERS=3 N42_PERSIST_QMDB_IN_SCOPE=1 F7_BLOCK_INTERVAL_MS=60 F7_MEASURE_FROM_LOG=1
validator env: N42_IMPORT_ONCE=1 N42_SETTLEMENT_TAGS=legacy N42_BUILD_THROTTLE_SOFT=48 F7_EL_MAP=0,0,0,0,0,0,0 N42_FIELDS_AT_SEAL=1 N42_FREEZE_AFTER_SEAL=1 N42_FRAME_BLOCKS=1 N42_TX_INGEST_RECOVER_PARALLEL=24 N42_FREEZE_POOL=own N42_PARALLEL_BUILD_THREADS=32 N42_PLAN_AHEAD=1 N42_HASHED_TABLES=off F7_FLOOD_RATE=6000000 N42_COMPACT_BODY=1 N42_BUILD_BATCHES=128 N42_SEAL_ON_COUNTERS=1 N42_ACCOUNT_HISTORY=off N42_TAKE_COMPACT=1 N42_SF_EARLY_WRITEBACK=1 N42_ROAD_RUNTIME=1 N42_TX_INGEST_HIGH_WATER=2500000 F7_BENCH_POOL_SLOTS=3000000 N42_PLAN_AHEAD_BODY=1 N42_SEAL_AT_EXEC=1 N42_TX_QUEUE_DRAIN_CHUNK=8192 N42_ANSWER_LAYOUT_ONLY=1 N42_PULL_BY_FRAMES=1 N42_SF_PARALLEL_ENCODE=1 N42_BUILD_THROTTLE_HARD=80 N42_LIVE_INDEX_DEFER=1 RAYON_NUM_THREADS=16 F7_VAL_CPUS=16 N42_ROOT_OPS_AHEAD=1 TOKIO_WORKER_THREADS=16 N42_QMDB_READS=on N42_LEADER_LAYERS=3 N42_PERSIST_QMDB_IN_SCOPE=1 F7_MEASURE_FROM_LOG=1
loop350WARM once: start-up lines import_once=true 1; last direct-import counters 
loop350WARM imports: layers=1 direct_imports=0 canonical_blocks=2638 import_once_lines=1 (per layer: direct imports should equal canonical blocks for one execution per block)
grep: /data/blockchain/rust-fleet7-bench/node1/el.log: No such file or directory
grep: /data/blockchain/rust-fleet7-bench/node2/el.log: No such file or directory
grep: /data/blockchain/rust-fleet7-bench/node3/el.log: No such file or directory
grep: /data/blockchain/rust-fleet7-bench/node1/el.log: No such file or directory
grep: /data/blockchain/rust-fleet7-bench/node2/el.log: No such file or directory
grep: /data/blockchain/rust-fleet7-bench/node3/el.log: No such file or directory
cat: /data/blockchain/rust-fleet7-bench/node2/el.log: No such file or directory
cat: /data/blockchain/rust-fleet7-bench/node2/el.log: No such file or directory
cat: /data/blockchain/rust-fleet7-bench/node2/el.log: No such file or directory
cat: /data/blockchain/rust-fleet7-bench/node1/el.log: No such file or directory
cat: /data/blockchain/rust-fleet7-bench/node2/el.log: No such file or directory
cat: /data/blockchain/rust-fleet7-bench/node3/el.log: No such file or directory
loop350WARM no_variant=0 own_not_committed=0 tc=0 invalid_blocks=0 incomplete=0 gas_mismatch=0 direct_imports_failed=0 stuck_at_hashed_state=0 engine_idles_over_5s=0 proposals_given_up=0 tables_off_nodes=1 unanswered_reads=0 seal_first_total=1447 seal_first_direct=1447 direct_guard_errors=0 commit_ms_median=0 fold_ms_median=8 sealed_at_ms_median=50 state_ready_ms_median=96 build_total_ms_median=169 recover_us_median=0 par_exec_ms_median=22 par_exec_ms_median=22 giveback_filtered=0 giveback_offered_max=0 seal_first=1447 reader_lag_max=10 reader_lag_warns=0 view_invalidated=0 el_sum_peak_g=37.9 el_max_peak_g=37.9 val_sum_peak_g=0.9 flood_peak_g=0.6 two_roads_blocks=0 two_roads_overlap_ms_median=- exec_on_output_declined=0 r1_collect_ms_median=5 proposal_at_ms_median=49 view_total_ms_median=61 import_exec_ms_median=- import_total_ms_median=- import_senders_ms_median=- import_convert_ms_median=- import_groups_median=- imports_over_600ms=0 min_avail_g=69.6 road_foreign_body_recv_ms=- road_foreign_body_decode_ms=- road_foreign_body_senders_ms=- road_foreign_body_parent_wait_ms=- road_foreign_body_check_ms=- road_foreign_body_total_ms=- road_new_payload_recv_ms=- road_new_payload_decode_ms=- road_new_payload_senders_ms=- road_new_payload_parent_wait_ms=- road_new_payload_check_ms=- road_new_payload_total_ms=- road_foreign_body_blocks=0 road_new_payload_blocks=0 fcu_answered=1242 fcu_in_flight_ms_median=0 fcu_queued_ms_median=0 fcu_queued_ms_max=104 fcu_refused=0 fcu_slow=2316 bodies_held=4 road_reuse_ms=- road_prepare_ms=- road_dispatch_ms=- road_convert_ms=- road_remember_ms=- road_header_ms=- road_fields_ms=- road_other_ms=- import_engine_ms_median=- gate_forced=0 gate_warns=0 flood_timeouts=0 canonical_min=2679 canonical_max=2680 chained_builds=1823 chain_lead_ms_median=51 chain_wait_ms_median=4 chain_started=1824 chain_discarded=0 chain_discard_reasons= chain_alias_warns=0 el_chained=1841 bodies_held_warns=0 el_build_refused=0 el_build_refused_reasons= queued_p5=2316500 queued_p50=2470500 road_compact_blocks=0 road_compact_recv_ms=- road_compact_assemble_ms=- road_compact_root_ms=- road_compact_miss_wait_ms=- road_compact_senders_ms=- road_compact_check_ms=- road_compact_other_ms=- road_compact_total_ms=- road_compact_misses_total= compact_refused_el=0 compact_fallbacks=0 compact_bytes_median=- pool_order9=13252 par_pull_ms_median=0 build_total_ms_median2=52 road_compact_filled_blocks=0 road_compact_filled_median=- road_compact_fill_ms_median=- need_txns=0 fill_failed=0 ingest_rate_gate_open_median=- ingest_gate_open_intervals=0 ingest_slots_busy_median=- flood_rate= fill_asked_proposer=0 fill_asked_other=0 loop_lines=1814 loop_unnamed_ms_median=47 loop_body_served_ms_median=- loop_txns_served_ms_median=- import_exec_ms_median2=- pip_partition_ms=- pip_env_ms=- pip_batch_ms=- pip_groups_ms=- pip_gas_ms=- pip_merge_ms=- pip_receipts_ms=- pip_drop_ms=- pip_other_ms=- pip_total_ms=- senders_indexed_median=- road_senders_ms_median=- road_total_ms_median=- pew_ms_median=- pew_ms_p90= gate_ms_median=- gate_ms_p90= root_ms_p50=- root_ms_p90= two_roads=0 not_on_output=0 not_on_output_why= ckpt_ms_first_q=2 ckpt_ms_last_q=52 ckpt_bytes_last=34302956 parent_still_importing=0 root_wait_ms_p50=- root_wait_ms_p90= tenures_low_seal=23 seal_first_share=0.99 empty_over_deep=0 near_empty_warns=0 no_seal_why= par_skipped_median=- usable_p5=2316500 ckpt_replay_ms_last_q=15 candidates_zero=0 dropped_ingest=0 let_go_warns=0 let_go_reasons= parked_p50=0 parked_max=0 held_warns=0 park_capped_total=0 superseded_builds=0 empty_not_superseded=0 mass_park_warns=0 heads_lines=0 holes_lines=0 stale_parent_refusals=0 par_groups_p5=0 cancelled_decided=1 heads_nonce0=0 stale_unconfirmed= handovers=0 el_panics=0 decided_cancelled=1 min_window_blocks=443 road_desc_blocks=0 road_desc_total_ms=- road_desc_copy_ms=- desc_misses=0 fill_failed2=0 sf_par_collect_ms=0 sf_par_commit_ms=0 sf_par_fold_ms=8 sf_par_graft_ms=0 sf_par_prefault_ms=0 sf_par_exec_ms=22 sf_sealed_at_ms=50 sf_roots_ms=32 sf_state_ready_ms=96 sf_total_ms=169 ba_find_ms=0 ba_queue_ms=0 ba_total_ms=52 ba_on_output=1446 queue_fold_us=0 queue_lock_us=77 sf_par_exec_ms=22 sf_par_fold_ms=8 pip_groups_ms=- import_exec_ms_median2=- reads_d0=0 reads_hist=0 f_reads_d0=- f_reads_hist=- f_overlay_depth=- L_read_set_ms=0 read_set_accounts=0 read_set_unresolved=0 read_set_hits=0 read_set_misses=0 start_best_ms=- par_prep_ms=- gap_before_exec_ms=- gap_after_exec_ms=- gap_before_seal_ms=- index_ms=- road_copy_aside_ms=- road_copy_wait_ms=- road_total_ms=- queue_first_miss=queue_first_miss=18446744073709551615:1459,queue_first_miss=0:1179 root_append_behind=0 populate_lag_mb=0 swap_used_g=0 root_faults=- root_faults_p90= root_faults_entries=0 root_faults_offsets=0 root_faults_index=0 root_faults_bits=0 root_faults_twigs=0 root_faults_undo=0 root_faults_tmp=0 root_append_faults=0 root_twig_pool_misses=0 batch_max_ms=9 batch_min_ms=2 batch_median_ms=4 batch_cpu_max_ms=8 batch_txs_max=2000 batch_txs_min=1500 batch_start_skew_ms=17 batch_wait_ms=0 loop_fetch_ns=0 loop_check_ns=0 loop_transfer_ns=0 loop_receipt_ns=0 loop_gas_ns=0 loop_sink_ns=0 loop_other_ns=0 batch_setup_ns=0 batch_close_ns=0 imp_exec_part_ms=- imp_exec_batches_ms=- imp_exec_graft_ms=- imp_exec_batches=- imp_exec_threads=- imp_exec_batch_max_ms=- imp_exec_batch_median_ms=- imp_parent_output_wait_ms=- road_parent_output_wait_ms=- next_start_gap_ms=1 next_entry_gap_ms=0 commit_body_ahead_used=- imp_exec_keys_ms=- imp_keys_ahead=- imp_exec_sink_ms=- imp_exec_pre_ms=- imp_exec_post_ms=- imp_exec_receipts_ms=- imp_exec_drop_ms=- root_gap_ms=- queue_whole=queue_whole=true:1459,queue_whole=false:1179 tick_tick_late_us=969 tick_preamble_us=339 tick_take_sealed_us=1 tick_sign_us=0 tick_cache_us=0 tick_presealed=- tick_describe_us=10 tick_publish_us=600 tick_tick_to_send_us=2023 road_check_ms=- road_check_include_us=- road_check_scan_us=- road_check_fold_us=- road_check_senders_us=- road_check_frames_summarized=- road_check_frames_scanned=- imp_exec_start_gap_us=- imp_gap_road_us=- imp_gap_header_us=- imp_gap_senders_us=- imp_gap_parent_us=- imp_gap_setup_us=- imp_gap_keys_wait_us=- sealed_at_p90= sealed_over_130=0 roots_ms=- cycle_p90=61/63/65 batch_max_ms=- batch_median_ms=- imp_batch_max=- forest_lock_warns=1475 root_seal_ms=1 root_seals=40 root_majflt=25838 roots_p90= gp_layer=1456 ggp_missing=227 state_wait_split=0/0/0/0:472,9/0/0/0:87,8/0/0/0:76 qmdb_releases=0 state_wait_on= imp_road_end_ms=- imp_exec_start_ms=- imp_exec_end_ms=- imp_root_end_ms=- imp_fields_ready_ms=- imp_parent_fields_wait_ms=- imp_exec_ms=- imp_root_ms=- imp_checks_ms=- imp_engine_ms=- imp_total_ms=- road_parent_fields_wait_ms=- exec_read_ms=0 L_exec_evm_ms=0 L_exec_write_ms=0 L_exec_other_ms=0 L_reads_cache=0 L_reads_provider=0 L_reads_view=0 L_graft_base_ms=0 L_graft_reserve_ms=0 L_graft_insert_ms=0 L_graft_reverts_ms=0 L_graft_other_ms=0 L_par_exec_ms=22 L_par_graft_ms=0 F_exec_read_ms=- F_exec_evm_ms=- F_exec_write_ms=- F_exec_other_ms=- F_reads_cache=- F_reads_provider=- F_reads_view=- F_groups_ms=- L_tx_root_wait_ms=0 L_par_exec_ms=22 L_par_graft_ms=0 L_par_fold_ms=8 L_sealed_ms=7 L_state_ready_ms=96 L_roots_ms=32 L_finish_ms=103 L_total_ms=169 L_setup_ms=0 L_par_pull_ms=0 L_give_back_ms=0 L_state_wait_ms=6 L_state_after_pull=1447 L_seal_at_exec=1447 L_tx_root_ahead=0 flood_w1=3221222 txs_p10=200000 acq_us=468 slots_busy=13 ingest_rate=3121781 L_scope_join_ms=0 L_par_release_ms=0 L_commit_body_ms=0 L_par_commit_ms=0 L_give_back_ms=0 L_sealed_ms=7 L_par_exec_ms=22 L_state_wait_ms=6 L_par_pull_ms=0 L_par_prep_ms=0 L_par_start_ms=3 L_pre_exec_ms=0 L_par_run_ms=30 L_sealed_at_ms=50 F_partition_ms=- F_env_ms=- F_groups_ms=- F_merge_ms=- F_reverts_wait_ms=- F_ahead_wait_ms=- F_total_ms=- I_engine_ms=- I_root_ms=- I_total_ms=- H_engine_remember_ms=- H_engine_listing_ms=- H_engine_new_payload_ms=- busy_us=1 L_par_start_ms=3 L_start_handoff_ms=0 L_start_best_ms=3 L_start_puller_ms=0 L_par_pull_ms=0 L_par_prep_ms=0 L_state_wait_ms=6 L_par_exec_ms=22 L_par_commit_ms=0 L_sealed_ms=7 L_sealed_at_ms=50 L_par_graft_ms=0 L_graft_insert_ms=0 L_graft_reverts_ms=0 L_graft_split_us=0 L_graft_build_us=0 L_graft_merge_us=0 L_state_ready_ms=96 Q_queue_ms=0 R_dispatch_wait_ms=- R_total_ms=- R_road_runtime=1 gate_holds=0 peer_fetch=0 pool_limit=limit=4 gate_opened=gate_opened_for_block=0 I_root_ms=- flood_rate_hdr=rate=6000000/s fills=0 fill_waited=- slots_busy=13 acq_us=468 busy_us=1 converged=0 fallbacks=0 busy_us=1 recover_us=0 tf_on_output=2 tf_fallback=0 still_importing=0 busy_us=1 slots_busy=13 batches=altsig_txs=0 altsig_batches=0 tf_on_output=2 tf_fallback=0 gate_holds=0 sign_s=sign 0s replay_note=replay       : 64 files from /data/n42-pregen/g900000-400m, 400000000 transactio sign_s=sign 0s shard=shard_verified=0 shard_claimed=0 road_verified=- slots_busy=13 gate_us=7183 reply_us=7743 queued=2470500 assemble_ms=- road_take_ms=- road_body_ms=- road_encode_ms=- shards=16 shard_insert_ms=0 shard_wait_ms=0 shard_fold_ms=13 shard_append_ms=16 shard_merge_ms=59 state_ready_ms=96 roots_ms=32 exec_read_ms=0 exec_evm_ms=0 exec_write_ms=0 exec_other_ms=0 reads_cache=0 reads_provider=0 reads_view=0 par_run_ms=30 fold_task_cpu_max_us=13281 fold_task_minflt_max=1 fold_task_minflt_sum=1 fold_task_migrated=0 fold_task_nivcsw_max=0 fold_index=1 fold_index_build_ms=13 fold_index_conflicts=7569 fold_queue_us=61 fold_skew_us=31 fold_task_max_us=13280 fold_tail_us=17 start_best_ms=3 start_select_ms=0 start_walk_ms=0 start_walk_check_ms=0 start_best_other_ms=0 start_frames_by_ref=0 start_frames_slow=0 start_pull_ms=0 start_other_ms=0 start_handoff_ms=0 par_start_ms=3 par_prep_ms=0 par_commit_ms=0 commit_body_ms=0 par_fold_ms=8 sealed_ms=7 copy_ms=- prune_ms=0 frames=- frames_missing=- frame_root_ms=- root_ms=- frames_admitted=frames_admitted=578684 frames_unaligned=0 frame_root_indexed=- seal_layout_ms=0 seal_root_ms=0 attested= busy_us=1 slots_busy=13 reply_us=7743 prune_ms=0 body_refused=0 body_failed_late=0
loop350WARM win1 tps=3,253,333 txs=97,600,000 blocks= 488 cycle=0.061s occupancy= 99.8% full(>=95%)=487/488 basefee=n/a (from the layer's log)
loop350WARM win2 tps=3,026,667 txs=90,800,000 blocks= 454 cycle=0.066s occupancy=100.0% full(>=95%)=454/454 basefee=n/a (from the layer's log)
loop350WARM win3 tps=2,953,333 txs=88,600,000 blocks= 443 cycle=0.068s occupancy=100.0% full(>=95%)=443/443 basefee=n/a (from the layer's log)
loop350WARM win1 tps=3,206,667 txs=96,200,000 blocks= 481 cycle=0.062s occupancy= 99.8% full(>=95%)=480/481 basefee=n/a (from the layer's log)
loop350WARM win2 tps=3,126,667 txs=93,800,000 blocks= 469 cycle=0.064s occupancy=100.0% full(>=95%)=469/469 basefee=n/a (from the layer's log)
loop350WARM win3 tps=3,060,000 txs=91,800,000 blocks= 459 cycle=0.065s occupancy=100.0% full(>=95%)=459/459 basefee=n/a (from the layer's log)
loop350WARM win1 tps=3,133,333 txs=94,000,000 blocks= 470 cycle=0.064s occupancy=100.0% full(>=95%)=470/470 basefee=n/a (from the layer's log)
loop350WARM win2 tps=3,193,333 txs=95,800,000 blocks= 479 cycle=0.063s occupancy=100.0% full(>=95%)=479/479 basefee=n/a (from the layer's log)
loop350WARM win3 tps=2,973,333 txs=89,200,000 blocks= 446 cycle=0.067s occupancy=100.0% full(>=95%)=446/446 basefee=n/a (from the layer's log)
loop350WARM tps=3,253,333
tps=3,206,667
tps=3,133,333 round_txs=837800000 cycles_w1=
loop350WARM imp_fields_p90= b_p75=16
loop350WARM overlay: filter_skips=0 probes=0 ratio=- (ratio = skips/(skips+probes))
loop350WARM overlay_manager:       1 state_trie_overlay=false  state-ovly_cpu=0
loop350WARM verify: written to /data/blockchain/rust-fleet7-bench/bench-loop350WARM/verify.json
== validator memory at flood +70 s (loop350WARM)
validators 7: RSS sum 0.8 G, max 0.12 G, mean 0.12 G; threads 273 (mean 39)
one validator (pid 3419566):
VmHWM:	  119820 kB
VmRSS:	  119820 kB
RssAnon:	  104164 kB
RssFile:	   15656 kB
RssShmem:	       0 kB
Threads:	39
Rss:              119820 kB
Private_Dirty:    104164 kB
Anonymous:        104164 kB
AnonHugePages:         0 kB
threads by name:
     33 h2_validator
      4 tokio-rt-worker
      1 n42-qmdb-prefau
      1 futures-timer
largest mappings by Rss:
49760  7bde0b800000-7bde10400000
13400  7bde12900000-7bde13e00000
10752 /data/n42-build/target-n42-rs/native/release/examples/h2_validator 639228ec3000-639229d5d000
9308  7bde13f00000-7bde15000000
8180  7bde12000000-7bde12800000
7712  7bde16080000-7bde16a00000
3900  7bde15080000-7bde16000000
3584  7bde10580000-7bde11400000
RssAnon of all validators (MB):
anon n=7 min 104 median 104 max 105 MB, sum 0.7 G
RSS of all validators, sorted:
min 119.824 MB median 119.948 MB max 120.524 MB
== many-keys report loop350WARM
== loop350WARM: 7 validator logs, f=2, quorum 5
1. the leaders' commit lines
  R1_collect (proposal -> prepare QC): n=2949 p50 5.0 p90 36.0 p99 92.0 max 225.0 ms
  R2_collect (prepare QC -> commit QC): n=2949 p50 5.0 p90 6.0 p99 12.0 max 17.0 ms
  total (proposal -> commit): n=2949 p50 61.0 p90 81.0 p99 151.0 max 622.0 ms
  votes at formation: R1 median 5 max 5 (quorum 5); R2 median 5 max 5
2. vote collection at the traced leaders (first vote -> quorum -> last vote)
 R1 (vote), 2949 views:
    proposal -> first vote: n=2949 p50 2.2 p90 33.7 p99 89.8 max 222.8 ms
    first vote -> quorum: n=2949 p50 2.2 p90 2.3 p99 2.6 max 3.5 ms
    quorum -> last vote: n=2949 p50 1.8 p90 2.0 p99 7.6 max 2451.0 ms
    proposal -> last vote (the slowest key): n=2949 p50 6.3 p90 38.4 p99 96.9 max 2455.6 ms
   views with fewer than 6 votes received: 1
 R2 (commit_vote), 2949 views:
    proposal -> first vote: n=2949 p50 8.3 p90 40.1 p99 95.9 max 228.7 ms
    first vote -> quorum: n=2949 p50 2.2 p90 2.3 p99 2.5 max 4.4 ms
    quorum -> last vote: n=2949 p50 0.9 p90 0.9 p99 1.1 max 8.2 ms
    proposal -> last vote (the slowest key): n=2949 p50 11.4 p90 43.3 p99 99.1 max 231.8 ms
   views with fewer than 6 votes received: 0
3. the straggler rule and the loop
  proposal interval (same leader, consecutive views): n=2946 p50 61.4 p90 64.6 p99 110.3 max 626.3 ms; >= 500 ms: 5
  no `slow step` lines
4. gossip propagation (proposal sent -> received at a traced follower)
    proposal arrival delay: n=5898 p50 0.2 p90 0.3 p99 1.0 max 12.2 ms
4b. the new fields (docs/E1_MANY_KEYS.md section 6), leaders' `block committed!` and `proposal sent` lines
    verify_us: n=2949 p50 6522.0 p90 6768.0 p99 7018.0 max 9077.0 us
    verify_n: n=2949 p50 10.0 p90 10.0 p99 10.0 max 14.0 
    verify_batches: n=2949 p50 0.0 p90 0.0 p99 0.0 max 0.0 
  verify_fallbacks: total 0 over 2949 blocks
    inbound_queue_max: n=2949 p50 0.0 p90 0.0 p99 0.0 max 0.0 
    gossip_poll_us: n=2949 p50 367.0 p90 400.0 p99 573.0 max 934.0 us
  straggler_waits (cumulative per leader log, summed over 3 leaders): 5; waits with straggler_wait_us > 0: 5 of 2949 proposals, p50 602.5 p90 611.9 max 611.9 ms, total 3.02 s
  direct votes at the leaders: received 0 (duplicates dropped 0); sent by those nodes 0, fallbacks to gossip 0; leaders led 2949 views = 35388 vote messages expected (2 rounds x 6); direct share of those 0.0%
5. validators
validators n=7: cpu total 0.00 cores, per key mean 0.001 median 0.001 max 0.001 (key 0) min 0.001; rss per key peak mean 0.134 max 0.199 G, sum of peaks 0.9 G; threads per key mean 39, total 273
libp2p connections (last census of 11): 42 in all (a full mesh of 7 is 21); sockets per process min 6 median 6 max 8
== loop350WARM  (E=1: seven validator keys on one execution layer)
  window 1: canonical 471 blocks, 94.2M tx = 3,140,000/s (100.0% of window 1), full 470/471 (100%); cycle mean/median/p90 63.7/61.4/67.3 ms
    leader builds 471: sealed_at median/p90/p99 50/72/98; phases median/p90 ms: gap_before_exec 8/46, state_wait 8/46, par 52/81, par_exec 21/27, roots 31/43, parent_fields 5/21, sealed 6/22
    state_wait_on {'output': 262, 'none': 138, 'grandparent': 69, 'open': 1, 'layer_release': 1}; builds with state_wait > 20 ms: 85 ([('grandparent', 66), ('output', 19)]); gp_layer {1.0: 471}, ggp_missing {0.0: 400, 1.0: 71}
    queue at the builds min/median 1,352,000/2,515,500
    new field batch_cpu_sum_us: median/p90/max 589969.0/731146.0/1640791, nonzero 471
    new field batch_dispatch_us: median/p90/max 219.0/305.0/1190, nonzero 471
    new field batch_first_start_us: median/p90/max 76.0/115.0/318, nonzero 471
    new field batch_ivcsw: median/p90/max 1.0/7.0/33, nonzero 300
    new field batch_last_end_us: median/p90/max 21483.0/26958.0/56176, nonzero 471
    new field batch_last_start_us: median/p90/max 16730.0/20769.0/48558, nonzero 471
    new field batch_live_deferred: median/p90/max 73.0/80.0/86, nonzero 471
    new field batch_live_lock_hold_us: median/p90/max 10284.0/11847.0/15985, nonzero 471
    new field batch_live_lock_wait_us: median/p90/max 0.0/0.0/0, nonzero 0
    new field batch_live_lock_waits: median/p90/max 0.0/0.0/0, nonzero 0
    new field batch_majflt: median/p90/max 0.0/0.0/0, nonzero 0
    new field batch_minflt: median/p90/max 772.0/8379.0/25691, nonzero 471
    new field batch_open_max_us: median/p90/max 427.0/510.0/3768, nonzero 471
    new field batch_open_sum_us: median/p90/max 10483.0/12933.0/17145, nonzero 471
    new field batch_threads: median/p90/max 32.0/32.0/32, nonzero 471
    new field batch_vcsw: median/p90/max 186.0/542.0/1026, nonzero 471
    new field batch_view_index_wait_us: median/p90/max 0.0/21569.0/51043, nonzero 107
    new field batch_view_index_waits: median/p90/max 0.0/310.0/714, nonzero 107
    new field batch_view_slot_wait_us: median/p90/max 0.0/2075.0/4421, nonzero 115
    new field batch_view_slot_waits: median/p90/max 0.0/63.0/130, nonzero 115
    new field batch_wall_sum_us: median/p90/max 598022.0/750225.0/1645998, nonzero 471
    new field batches: median/p90/max 128.0/128.0/128, nonzero 471
    new field build_batches: median/p90/max 128.0/128.0/128, nonzero 471
    new field carried_depth: median/p90/max 1.0/1.0/1, nonzero 471
    new field exec_end_to_seal_us: median/p90/max 89.0/132.0/512, nonzero 471
    new field exec_partition_us: median/p90/max 6.0/8.0/1187, nonzero 471
    new field exec_prepared_groups: {'true': 469, 'false': 2}
    new field exec_prepared_slots: {'true': 469, 'false': 2}
    new field exec_slots_us: median/p90/max 0.0/0.0/1312, nonzero 2
    new field freeze_join_wait_us: median/p90/max 8918.0/18244.0/34160, nonzero 471
    new field freeze_late: {'true': 471}
    new field freeze_pool_own: {'true': 471}
    new field live_index_defer: {'true': 471}
    new field merge_accounts: median/p90/max 192123.0/195333.0/197942, nonzero 471
    new field merge_append_us: median/p90/max 3365.0/6938.0/14395, nonzero 471
    new field merge_early: {'false': 471}
    new field merge_join_wait_us: median/p90/max 0.0/0.0/0, nonzero 0
    new field merge_reverts: median/p90/max 192123.0/195333.0/197942, nonzero 471
    new field merge_reverts_us: median/p90/max 15318.0/19975.0/34971, nonzero 471
    new field merge_state_us: median/p90/max 38234.0/45536.0/64373, nonzero 471
    new field merge_tail_us: median/p90/max 0.0/0.0/1, nonzero 3
    new field merge_threads: median/p90/max 1.0/1.0/1, nonzero 471
    new field one_wave: {'false': 471}
    new field open_engine_us: median/p90/max 0.0/38189.0/82847, nonzero 71
    new field open_fallback: {'false': 400, 'true': 71}
    new field open_keep_us: median/p90/max 6.0/10.0/5064, nonzero 471
    new field open_kept_accounts: median/p90/max 575528.0/583731.0/589407, nonzero 471
    new field open_layers: median/p90/max 3.0/3.0/3, nonzero 471
    new field open_provider_us: median/p90/max 92.0/154.0/428, nonzero 471
    new field plan_age_us: median/p90/max 47991.0/97915.0/142894, nonzero 471
    new field plan_ahead: median/p90/max 1.0/1.0/1, nonzero 471
    new field plan_body: median/p90/max 1.0/1.0/2, nonzero 471
    new field plan_body_us: median/p90/max 16318.0/19635.0/23039, nonzero 469
    new field plan_discard: {'': 471}
    new field plan_prep_us: median/p90/max 6872.0/13332.0/30680, nonzero 471
    new field plan_topup_txs: median/p90/max 0.0/0.0/0, nonzero 0
    new field prep_from_plan: {'true': 469, 'false': 2}
    new field prev_seal_to_answer_us: median/p90/max 1627.0/2757.0/5308, nonzero 471
    new field prev_seal_to_entry_us: median/p90/max 0.0/0.0/0, nonzero 0
    new field prev_seal_to_header_us: median/p90/max 192.0/308.0/505, nonzero 471
    new field prev_seal_to_import_us: median/p90/max 113306.0/145573.0/212717, nonzero 433
    new field prev_seal_to_request_us: median/p90/max 937.0/66535.0/122565, nonzero 471
    new field prev_seal_to_start_us: median/p90/max 1193.0/66768.0/123026, nonzero 471
    new field pull_bulk_txs: median/p90/max 200000.0/200000.0/200000, nonzero 471
    new field pull_bulk_us: median/p90/max 5.0/9.0/1195, nonzero 471
    new field receipts_late: {'false': 471}
    new field receipts_late_wait_us: median/p90/max 0.0/0.0/4, nonzero 1
    new field rename_fallbacks: median/p90/max 0.0/0.0/0, nonzero 0
    new field rename_record_waits: median/p90/max 0.0/0.0/0, nonzero 0
    new field root_apply_gap_us: median/p90/max 10.0/12.0/47, nonzero 471
    new field root_apply_total_us: median/p90/max 20168.0/29252.0/46391, nonzero 471
    new field root_compute_us: median/p90/max 22554.0/33551.0/48781, nonzero 471
    new field root_delta_us: median/p90/max 1144.0/4294.0/13806, nonzero 471
    new field root_index_us: median/p90/max 2582.0/5753.0/19403, nonzero 471
    new field root_leaves_us: median/p90/max 6715.0/10957.0/21958, nonzero 471
    new field root_note_us: median/p90/max 148.0/211.0/1235, nonzero 471
    new field root_ops_ahead: {'true': 471}
    new field root_ops_ahead_wait_us: median/p90/max 3302.0/9589.0/24587, nonzero 471
    new field root_ops_concat_us: median/p90/max 0.0/0.0/0, nonzero 0
    new field root_ops_encode_us: median/p90/max 5663.0/9742.0/19796, nonzero 471
    new field root_ops_finish_us: median/p90/max 2348.0/3050.0/8487, nonzero 471
    new field root_ops_sort_us: median/p90/max 3366.0/7042.0/13214, nonzero 471
    new field root_ops_us: median/p90/max 5807.0/11748.0/28297, nonzero 471
    new field root_rehash_us: median/p90/max 1396.0/1829.0/14656, nonzero 471
    new field root_retire_us: median/p90/max 1574.0/2645.0/6808, nonzero 471
    new field root_sort_us: median/p90/max 175.0/428.0/4216, nonzero 471
    new field root_undo_us: median/p90/max 360.0/721.0/3130, nonzero 471
    new field root_writes_us: median/p90/max 6615.0/9554.0/27200, nonzero 471
    new field seal_hashes_ahead: {'true': 471}
    new field seal_on_counters: {'true': 471}
    new field seal_to_complete_us: median/p90/max 109205.0/125788.0/150043, nonzero 471
    new field seal_to_frozen_us: median/p90/max 8887.0/18229.0/34131, nonzero 352
    new field seal_to_merge_end_us: median/p90/max 109121.0/125722.0/149966, nonzero 471
    new field seal_to_merge_start_us: median/p90/max 50709.0/63037.0/82808, nonzero 471
    new field seal_to_ops_ahead_us: median/p90/max 21630.0/31832.0/46465, nonzero 471
    new field seal_to_shards_ready_us: median/p90/max 14539.0/22551.0/36456, nonzero 471
    new field seal_to_state_ready_us: median/p90/max 109128.0/125729.0/149976, nonzero 471
    new field sealed_unix_us: median/p90/max 1791489125872382.0/1791489137625484.0/1791489140510074, nonzero 471
    new field start_walk_check_us: median/p90/max 0.0/0.0/0, nonzero 0
    new field start_walk_ids_us: median/p90/max 0.0/0.0/0, nonzero 0
    new field start_walk_settle_us: median/p90/max 0.0/0.0/0, nonzero 0
    new field start_walk_us: median/p90/max 0.0/0.0/0, nonzero 0
    new field state_wait_us: median/p90/max 8003.0/46525.0/97440, nonzero 471
    new field view_journal_reads: median/p90/max 0.0/77824.0/139264, nonzero 213
    new field view_journal_searches: median/p90/max 0.0/223454.0/418165, nonzero 213
    new field view_journal_skips: median/p90/max 0.0/0.0/0, nonzero 0
    new field whole_take_noted: {'true': 471}
    binding wait (tick / quorum / seal share, mean cycle): tick 98% (63); quorum 2% (115); seal 0% (92); feed-bound (blocks under 95% of the tier): 1 of 471
    slowest key vote delay median/p90 7.4/51.6 ms
    engine own-import total_ms per block median/p90/max 35/54/83 (n=470)
    layer RSS 4.8 -> 26.7 G (max 26.7), in-memory blocks max 10
    execution layer cores busy 34.9    validators cores busy 1.2
    flood delivered (median per 5 s over the leg) 3,121,525/s
  window 2: canonical 479 blocks, 95.8M tx = 3,193,333/s (101.7% of window 1), full 479/479 (100%); cycle mean/median/p90 61.9/61.4/66.6 ms
    leader builds 478: sealed_at median/p90/p99 49/71/88; phases median/p90 ms: gap_before_exec 4/20, state_wait 4/20, par 48/69, par_exec 22/27, roots 32/46, parent_fields 7/25, sealed 8/26
    state_wait_on {'output': 245, 'none': 182, 'grandparent': 48, 'open': 3}; builds with state_wait > 20 ms: 41 ([('grandparent', 38), ('output', 3)]); gp_layer {1.0: 478}, ggp_missing {0.0: 430, 1.0: 48}
    queue at the builds min/median 2,266,500/2,517,000
    new field batch_cpu_sum_us: median/p90/max 612778.0/738314.0/1274413, nonzero 478
    new field batch_dispatch_us: median/p90/max 220.0/305.0/560, nonzero 478
    new field batch_first_start_us: median/p90/max 73.0/112.0/267, nonzero 478
    new field batch_ivcsw: median/p90/max 1.0/6.0/28, nonzero 299
    new field batch_last_end_us: median/p90/max 22427.0/27485.0/47612, nonzero 478
    new field batch_last_start_us: median/p90/max 17335.5/20822.0/37975, nonzero 478
    new field batch_live_deferred: median/p90/max 71.0/80.0/209, nonzero 478
    new field batch_live_lock_hold_us: median/p90/max 10591.0/12493.0/25263, nonzero 478
    new field batch_live_lock_wait_us: median/p90/max 0.0/0.0/0, nonzero 0
    new field batch_live_lock_waits: median/p90/max 0.0/0.0/0, nonzero 0
    new field batch_majflt: median/p90/max 0.0/0.0/0, nonzero 0
    new field batch_minflt: median/p90/max 944.5/10064.0/32166, nonzero 478
    new field batch_open_max_us: median/p90/max 422.5/515.0/3061, nonzero 478
    new field batch_open_sum_us: median/p90/max 10357.5/12665.0/19636, nonzero 478
    new field batch_threads: median/p90/max 32.0/32.0/32, nonzero 478
    new field batch_vcsw: median/p90/max 180.0/533.0/787, nonzero 478
    new field batch_view_index_wait_us: median/p90/max 0.0/22735.0/49026, nonzero 118
    new field batch_view_index_waits: median/p90/max 0.0/301.0/533, nonzero 118
    new field batch_view_slot_wait_us: median/p90/max 0.0/2222.0/4735, nonzero 123
    new field batch_view_slot_waits: median/p90/max 0.0/67.0/117, nonzero 123
    new field batch_wall_sum_us: median/p90/max 623529.5/747931.0/1277612, nonzero 478
    new field batches: median/p90/max 128.0/128.0/128, nonzero 478
    new field build_batches: median/p90/max 128.0/128.0/128, nonzero 478
    new field carried_depth: median/p90/max 1.0/1.0/1, nonzero 478
    new field exec_end_to_seal_us: median/p90/max 92.0/140.0/605, nonzero 478
    new field exec_partition_us: median/p90/max 6.0/9.0/868, nonzero 478
    new field exec_prepared_groups: {'true': 477, 'false': 1}
    new field exec_prepared_slots: {'true': 478}
    new field exec_slots_us: median/p90/max 0.0/0.0/0, nonzero 0
    new field freeze_join_wait_us: median/p90/max 6491.5/14073.0/26936, nonzero 478
    new field freeze_late: {'true': 478}
    new field freeze_pool_own: {'true': 478}
    new field live_index_defer: {'true': 478}
    new field merge_accounts: median/p90/max 192582.0/195610.0/197958, nonzero 478
    new field merge_append_us: median/p90/max 3168.5/7349.0/13376, nonzero 478
    new field merge_early: {'false': 478}
    new field merge_join_wait_us: median/p90/max 0.0/0.0/0, nonzero 0
    new field merge_reverts: median/p90/max 192582.0/195610.0/197958, nonzero 478
    new field merge_reverts_us: median/p90/max 15761.5/20202.0/28133, nonzero 478
    new field merge_state_us: median/p90/max 39677.0/47346.0/63643, nonzero 478
    new field merge_tail_us: median/p90/max 0.0/0.0/7, nonzero 4
    new field merge_threads: median/p90/max 1.0/1.0/1, nonzero 478
    new field one_wave: {'false': 478}
    new field open_engine_us: median/p90/max 0.0/7469.0/60305, nonzero 48
    new field open_fallback: {'false': 430, 'true': 48}
    new field open_keep_us: median/p90/max 6.0/10.0/24, nonzero 478
    new field open_kept_accounts: median/p90/max 577745.5/583801.0/590066, nonzero 478
    new field open_layers: median/p90/max 3.0/3.0/3, nonzero 478
    new field open_provider_us: median/p90/max 93.0/164.0/653, nonzero 478
    new field plan_age_us: median/p90/max 47552.0/96843.0/164502, nonzero 478
    new field plan_ahead: median/p90/max 1.0/1.0/1, nonzero 478
    new field plan_body: median/p90/max 1.0/1.0/1, nonzero 478
    new field plan_body_us: median/p90/max 15799.5/19218.0/28396, nonzero 478
    new field plan_discard: {'': 478}
    new field plan_prep_us: median/p90/max 7221.0/13457.0/33819, nonzero 478
    new field plan_topup_txs: median/p90/max 0.0/0.0/0, nonzero 0
    new field prep_from_plan: {'true': 478}
    new field prev_seal_to_answer_us: median/p90/max 1739.5/2757.0/4462, nonzero 478
    new field prev_seal_to_entry_us: median/p90/max 0.0/0.0/0, nonzero 0
    new field prev_seal_to_header_us: median/p90/max 180.5/315.0/1085, nonzero 478
    new field prev_seal_to_import_us: median/p90/max 115811.0/143794.0/221085, nonzero 457
    new field prev_seal_to_request_us: median/p90/max 938.5/66847.0/123209, nonzero 478
    new field prev_seal_to_start_us: median/p90/max 1215.5/67063.0/123443, nonzero 478
    new field pull_bulk_txs: median/p90/max 200000.0/200000.0/200000, nonzero 478
    new field pull_bulk_us: median/p90/max 5.0/8.0/28, nonzero 478
    new field receipts_late: {'false': 478}
    new field receipts_late_wait_us: median/p90/max 0.0/0.0/0, nonzero 0
    new field rename_fallbacks: median/p90/max 0.0/0.0/0, nonzero 0
    new field rename_record_waits: median/p90/max 0.0/0.0/0, nonzero 0
    new field root_apply_gap_us: median/p90/max 11.0/13.0/19, nonzero 478
    new field root_apply_total_us: median/p90/max 22406.0/32694.0/46402, nonzero 478
    new field root_compute_us: median/p90/max 24628.5/35295.0/49853, nonzero 478
    new field root_delta_us: median/p90/max 1178.0/2144.0/13125, nonzero 478
    new field root_index_us: median/p90/max 2858.5/6266.0/17019, nonzero 478
    new field root_leaves_us: median/p90/max 7039.5/11319.0/23624, nonzero 478
    new field root_note_us: median/p90/max 148.0/258.0/1050, nonzero 478
    new field root_ops_ahead: {'true': 478}
    new field root_ops_ahead_wait_us: median/p90/max 2605.5/8645.0/22343, nonzero 478
    new field root_ops_concat_us: median/p90/max 0.0/0.0/0, nonzero 0
    new field root_ops_encode_us: median/p90/max 5708.5/9876.0/26398, nonzero 478
    new field root_ops_finish_us: median/p90/max 2205.5/3253.0/6896, nonzero 478
    new field root_ops_sort_us: median/p90/max 3416.0/6962.0/13040, nonzero 478
    new field root_ops_us: median/p90/max 5003.5/11142.0/24208, nonzero 478
    new field root_rehash_us: median/p90/max 2075.5/3329.0/17780, nonzero 478
    new field root_retire_us: median/p90/max 1658.0/2705.0/6329, nonzero 478
    new field root_sort_us: median/p90/max 219.5/457.0/2964, nonzero 478
    new field root_undo_us: median/p90/max 361.5/680.0/2638, nonzero 478
    new field root_writes_us: median/p90/max 7140.5/10286.0/23116, nonzero 478
    new field seal_hashes_ahead: {'true': 478}
    new field seal_on_counters: {'true': 478}
    new field seal_to_complete_us: median/p90/max 111249.5/128977.0/160768, nonzero 478
    new field seal_to_frozen_us: median/p90/max 6432.5/14034.0/26856, nonzero 310
    new field seal_to_merge_end_us: median/p90/max 111166.5/128903.0/160616, nonzero 478
    new field seal_to_merge_start_us: median/p90/max 50177.0/64592.0/87639, nonzero 478
    new field seal_to_ops_ahead_us: median/p90/max 19960.5/27263.0/47378, nonzero 478
    new field seal_to_shards_ready_us: median/p90/max 13255.5/19501.0/29987, nonzero 478
    new field seal_to_state_ready_us: median/p90/max 111173.5/128911.0/160626, nonzero 478
    new field sealed_unix_us: median/p90/max 1791489155284509.5/1791489167491236.0/1791489170439448, nonzero 478
    new field start_walk_check_us: median/p90/max 0.0/0.0/0, nonzero 0
    new field start_walk_ids_us: median/p90/max 0.0/0.0/0, nonzero 0
    new field start_walk_settle_us: median/p90/max 0.0/0.0/0, nonzero 0
    new field start_walk_us: median/p90/max 0.0/0.0/0, nonzero 0
    new field state_wait_us: median/p90/max 4593.0/20238.0/74280, nonzero 478
    new field view_journal_reads: median/p90/max 12288.0/81920.0/151552, nonzero 256
    new field view_journal_searches: median/p90/max 32592.0/222739.0/388979, nonzero 256
    new field view_journal_skips: median/p90/max 0.0/0.0/0, nonzero 0
    new field whole_take_noted: {'true': 478}
    binding wait (tick / quorum / seal share, mean cycle): tick 100% (62); quorum 0%; seal 0%; feed-bound (blocks under 95% of the tier): 0 of 479
    slowest key vote delay median/p90 3.9/27.0 ms
    engine own-import total_ms per block median/p90/max 37/60/81 (n=479)
    layer RSS 25.9 -> 34.1 G (max 34.1), in-memory blocks max 10
    execution layer cores busy 35.3    validators cores busy 1.2
  window 3: canonical 446 blocks, 89.2M tx = 2,973,333/s (94.7% of window 1), full 446/446 (100%); cycle -
    leader builds 448: sealed_at median/p90/p99 53/82/165; phases median/p90 ms: gap_before_exec 9/44, state_wait 8/44, par 54/90, par_exec 23/35, roots 32/53, parent_fields 6/23, sealed 6/25
    state_wait_on {'output': 226, 'none': 124, 'grandparent': 95, 'provider_open': 1, 'open': 2}; builds with state_wait > 20 ms: 89 ([('grandparent', 80), ('output', 9)]); gp_layer {1.0: 448}, ggp_missing {0.0: 347, 1.0: 101}
    queue at the builds min/median 2,310,500/2,516,500
    new field batch_cpu_sum_us: median/p90/max 607232.5/746344.0/1623576, nonzero 448
    new field batch_dispatch_us: median/p90/max 229.0/322.0/1269, nonzero 448
    new field batch_first_start_us: median/p90/max 78.0/125.0/343, nonzero 448
    new field batch_ivcsw: median/p90/max 1.0/6.0/33, nonzero 292
    new field batch_last_end_us: median/p90/max 23633.0/35108.0/165489, nonzero 448
    new field batch_last_start_us: median/p90/max 17919.5/25215.0/159231, nonzero 448
    new field batch_live_deferred: median/p90/max 72.0/82.0/351, nonzero 448
    new field batch_live_lock_hold_us: median/p90/max 11201.5/14164.0/52178, nonzero 448
    new field batch_live_lock_wait_us: median/p90/max 0.0/0.0/0, nonzero 0
    new field batch_live_lock_waits: median/p90/max 0.0/0.0/0, nonzero 0
    new field batch_majflt: median/p90/max 0.0/428.0/15597, nonzero 83
    new field batch_minflt: median/p90/max 1040.5/9771.0/27483, nonzero 448
    new field batch_open_max_us: median/p90/max 442.5/547.0/3553, nonzero 448
    new field batch_open_sum_us: median/p90/max 10644.0/13478.0/40957, nonzero 448
    new field batch_threads: median/p90/max 32.0/32.0/32, nonzero 448
    new field batch_vcsw: median/p90/max 200.5/965.0/15813, nonzero 448
    new field batch_view_index_wait_us: median/p90/max 0.0/20909.0/3714375, nonzero 129
    new field batch_view_index_waits: median/p90/max 0.0/266.0/832, nonzero 129
    new field batch_view_slot_wait_us: median/p90/max 0.0/2120.0/103464, nonzero 139
    new field batch_view_slot_waits: median/p90/max 0.0/52.0/131, nonzero 139
    new field batch_wall_sum_us: median/p90/max 647300.5/928384.0/5167844, nonzero 448
    new field batches: median/p90/max 128.0/128.0/128, nonzero 448
    new field build_batches: median/p90/max 128.0/128.0/128, nonzero 448
    new field carried_depth: median/p90/max 1.0/1.0/1, nonzero 448
    new field exec_end_to_seal_us: median/p90/max 90.0/138.0/1145, nonzero 448
    new field exec_partition_us: median/p90/max 6.0/8.0/30, nonzero 448
    new field exec_prepared_groups: {'true': 448}
    new field exec_prepared_slots: {'true': 448}
    new field exec_slots_us: median/p90/max 0.0/0.0/0, nonzero 0
    new field freeze_join_wait_us: median/p90/max 7206.0/15353.0/24283, nonzero 448
    new field freeze_late: {'true': 448}
    new field freeze_pool_own: {'true': 448}
    new field live_index_defer: {'true': 448}
    new field merge_accounts: median/p90/max 193409.5/196532.0/198885, nonzero 448
    new field merge_append_us: median/p90/max 3367.5/7948.0/21125, nonzero 448
    new field merge_early: {'false': 448}
    new field merge_join_wait_us: median/p90/max 0.0/0.0/0, nonzero 0
    new field merge_reverts: median/p90/max 193409.5/196532.0/198885, nonzero 448
    new field merge_reverts_us: median/p90/max 15327.0/21145.0/119340, nonzero 448
    new field merge_state_us: median/p90/max 39719.0/48531.0/57855, nonzero 448
    new field merge_tail_us: median/p90/max 0.0/0.0/1, nonzero 5
    new field merge_threads: median/p90/max 1.0/1.0/1, nonzero 448
    new field one_wave: {'false': 448}
    new field open_engine_us: median/p90/max 0.0/40225.0/69928, nonzero 101
    new field open_fallback: {'false': 347, 'true': 101}
    new field open_keep_us: median/p90/max 6.0/10.0/28, nonzero 448
    new field open_kept_accounts: median/p90/max 580042.5/586495.0/593644, nonzero 448
    new field open_layers: median/p90/max 3.0/3.0/3, nonzero 448
    new field open_provider_us: median/p90/max 93.5/180.0/3926, nonzero 448
    new field plan_age_us: median/p90/max 51623.0/94607.0/243098, nonzero 448
    new field plan_ahead: median/p90/max 1.0/1.0/1, nonzero 448
    new field plan_body: median/p90/max 1.0/1.0/1, nonzero 448
    new field plan_body_us: median/p90/max 14705.0/18595.0/23868, nonzero 448
    new field plan_discard: {'': 448}
    new field plan_prep_us: median/p90/max 7395.5/14842.0/129619, nonzero 448
    new field plan_topup_txs: median/p90/max 0.0/0.0/0, nonzero 0
    new field prep_from_plan: {'true': 448}
    new field prev_seal_to_answer_us: median/p90/max 1656.5/2850.0/4630, nonzero 448
    new field prev_seal_to_entry_us: median/p90/max 0.0/0.0/0, nonzero 0
    new field prev_seal_to_header_us: median/p90/max 178.0/302.0/878, nonzero 448
    new field prev_seal_to_import_us: median/p90/max 123424.5/160216.0/302036, nonzero 420
    new field prev_seal_to_request_us: median/p90/max 919.0/62632.0/80871, nonzero 448
    new field prev_seal_to_start_us: median/p90/max 1174.5/62894.0/81129, nonzero 448
    new field pull_bulk_txs: median/p90/max 200000.0/200000.0/200000, nonzero 448
    new field pull_bulk_us: median/p90/max 5.0/8.0/20, nonzero 448
    new field receipts_late: {'false': 448}
    new field receipts_late_wait_us: median/p90/max 0.0/0.0/0, nonzero 0
    new field rename_fallbacks: median/p90/max 0.0/0.0/0, nonzero 0
    new field rename_record_waits: median/p90/max 0.0/0.0/0, nonzero 0
    new field root_apply_gap_us: median/p90/max 10.0/13.0/20, nonzero 448
    new field root_apply_total_us: median/p90/max 22585.5/32460.0/205108, nonzero 448
    new field root_compute_us: median/p90/max 24877.0/35779.0/206696, nonzero 448
    new field root_delta_us: median/p90/max 1176.5/2323.0/11835, nonzero 448
    new field root_index_us: median/p90/max 2572.5/6408.0/27004, nonzero 448
    new field root_leaves_us: median/p90/max 6892.5/13285.0/193245, nonzero 448
    new field root_note_us: median/p90/max 138.0/219.0/1609, nonzero 448
    new field root_ops_ahead: {'true': 448}
    new field root_ops_ahead_wait_us: median/p90/max 2802.0/11784.0/173972, nonzero 447
    new field root_ops_concat_us: median/p90/max 0.0/0.0/0, nonzero 0
    new field root_ops_encode_us: median/p90/max 5665.5/11817.0/129782, nonzero 448
    new field root_ops_finish_us: median/p90/max 2367.0/3498.0/8790, nonzero 448
    new field root_ops_sort_us: median/p90/max 3059.5/7221.0/140893, nonzero 448
    new field root_ops_us: median/p90/max 5246.5/14542.0/176970, nonzero 448
    new field root_rehash_us: median/p90/max 2579.0/5083.0/33558, nonzero 448
    new field root_retire_us: median/p90/max 1606.0/2422.0/6353, nonzero 448
    new field root_sort_us: median/p90/max 191.0/368.0/1954, nonzero 448
    new field root_undo_us: median/p90/max 338.5/602.0/2040, nonzero 448
    new field root_writes_us: median/p90/max 6817.5/9752.0/30604, nonzero 448
    new field seal_hashes_ahead: {'true': 448}
    new field seal_on_counters: {'true': 448}
    new field seal_to_complete_us: median/p90/max 112463.0/140455.0/344991, nonzero 448
    new field seal_to_frozen_us: median/p90/max 7184.5/15294.0/24250, nonzero 310
    new field seal_to_merge_end_us: median/p90/max 112367.0/140398.0/344891, nonzero 448
    new field seal_to_merge_start_us: median/p90/max 51583.5/70893.0/287990, nonzero 448
    new field seal_to_ops_ahead_us: median/p90/max 20262.5/30839.0/186176, nonzero 448
    new field seal_to_shards_ready_us: median/p90/max 13488.5/19703.0/29725, nonzero 448
    new field seal_to_state_ready_us: median/p90/max 112374.5/140405.0/344900, nonzero 448
    new field sealed_unix_us: median/p90/max 1791489185430995.0/1791489197642618.0/1791489200517245, nonzero 448
    new field start_walk_check_us: median/p90/max 0.0/0.0/0, nonzero 0
    new field start_walk_ids_us: median/p90/max 0.0/0.0/0, nonzero 0
    new field start_walk_settle_us: median/p90/max 0.0/0.0/0, nonzero 0
    new field start_walk_us: median/p90/max 0.0/0.0/0, nonzero 0
    new field state_wait_us: median/p90/max 8930.0/44285.0/84329, nonzero 448
    new field view_journal_reads: median/p90/max 10240.0/81920.0/143360, nonzero 234
    new field view_journal_searches: median/p90/max 25201.0/214229.0/428278, nonzero 234
    new field view_journal_skips: median/p90/max 0.0/0.0/0, nonzero 0
    new field whole_take_noted: {'true': 448}
    engine own-import total_ms per block median/p90/max 42/66/234 (n=446)
    layer RSS 33.9 -> 34.6 G (max 37.9), in-memory blocks max 10
    execution layer cores busy 32.6    validators cores busy 1.1
  round total (3 windows, canonical): 279.2M tx
  layer peak RSS 37.9 G; in-memory blocks max 10
  fields at seal: mode "early", verified 0, unchecked 0, mismatches 0 (last build line, cumulative)
  own_executed_again (built here and also directly imported): 0 of 1447 built blocks
== loop350WARM
  layer-0 leader window-1 builds 472: txs mean 200000, share >= 95% of the tier 100% (max 200000); sealed_at_ms 50.0/72.0; par_ms 52.0/81.0; par_exec_ms 21.0/27.0; roots_ms 31.0/43.0; parent_fields_ms 5.0/21.0; sealed_ms 6.0/22.0
  proposal cycle window 1 (n=486): mean 63.7 median 61.4 p90 67.3 ms; blocks in the 30 s: 486
  binding wait (tick / quorum / seal, share and mean cycle): tick 97.7% (62.7); quorum 1.9% (114.8); seal 0.4% (92.2)
  vote delay after the proposal, slowest key per block: median 7.4 p90 51.6 ms (slowest minus the median key: median 0.2); last key: {1: 80, 2: 66, 3: 73, 4: 62, 5: 135, 6: 54} of 470 blocks
  CPU in window 1 (cores busy): execution layers 34.9 over 1 process(es); validators 1.2 over 7 process(es)
  execution layer peak RSS 37.9 G; in-memory blocks max 10 (node0 and others, all layers)
  blocks built here 1447; none also directly imported
  import-once counters at the last direct import: ; start-up lines with import_once=true: 1; queue-lock lines 0
  layer-0 queue (queued after canonical prune), median per 10 s: t+0:2420500 t+20:2513000 t+40:2478750 t+60:2449500 t+80:2439000
  flood: median per 5 s 3121525/s, final -
  timeout / given-up lines: 0; 
loop350WARM page_faults_per_s_median: node0=179973 
feedcheck loop350WARM: ok (block 200,000 tx)
== loop350WARM: feed check (acq_us / gate_us / reply_us are per frame of 500; rate per 5 s `ingest` line)
  window 1: ingest lines 6; acq_us 474 (max 512); gate_us 7072; reply_us 7660; slots_busy 13%; delivered median 3,095,249/s max 3,269,348/s; queue at builds median 2,515,500 min 1,352,000; full 100% of 471 blocks
  window 2: ingest lines 6; acq_us 463 (max 472); gate_us 6904; reply_us 7461; slots_busy 13%; delivered median 3,229,982/s max 3,288,108/s; queue at builds median 2,517,000 min 2,266,500; full 100% of 479 blocks
  window 3: ingest lines 6; acq_us 466 (max 469); gate_us 7460; reply_us 8016; slots_busy 13%; delivered median 3,064,008/s max 3,197,007/s; queue at builds median 2,516,500 min 2,310,500; full 100% of 446 blocks
  flood.log (+15..+100 s): rate per 5 s median 3,121,525/s max 3,282,801/s; reply latency median 61.4 ms max 72.4 ms
== loop350WARM: lanes lock, drain and pruner (new fields)
  window 1: lock duty 53.5% (max 60.0); holds/5s 2,234; longest hold 27.17 ms median, 33.31 ms max by crates/n42/tx-queue/src/lib.rs:2046 (most frequent holders [('crates/n42/tx-queue/src/lib.rs:2046', 6)]); lock wait 2196.8 ms/5s, longest 33.35 ms; drains/5s 1,015 of 15252 tx, mean 1212 us, max 24.38 ms
           prune (428 blocks): prune_ms 32/53; fold 0.5 ms, lock 0.0 ms, remove(hold) 9.6 ms, free 0.0 ms; frames_swept 400; coalesced on 428 of 428; prune_wait_ms 0/0; pruner busy 48% of a thread, lock held by it 1.3%
  window 2: lock duty 57.5% (max 59.0); holds/5s 2,176; longest hold 25.11 ms median, 33.13 ms max by crates/n42/tx-queue/src/lib.rs:2692 (most frequent holders [('crates/n42/tx-queue/src/lib.rs:2046', 4), ('crates/n42/tx-queue/src/lib.rs:2692', 2)]); lock wait 2773.7 ms/5s, longest 33.16 ms; drains/5s 926 of 17420 tx, mean 1520 us, max 22.05 ms
           prune (456 blocks): prune_ms 32/52; fold 0.5 ms, lock 0.0 ms, remove(hold) 9.8 ms, free 0.0 ms; frames_swept 400; coalesced on 456 of 456; prune_wait_ms 0/0; pruner busy 50% of a thread, lock held by it 1.6%
  window 3: lock duty 56.0% (max 58.0); holds/5s 2,092; longest hold 30.97 ms median, 129.62 ms max by crates/n42/tx-queue/src/lib.rs:2692 (most frequent holders [('crates/n42/tx-queue/src/lib.rs:2692', 4), ('crates/n42/tx-queue/src/lib.rs:2046', 1)]); lock wait 2560.3 ms/5s, longest 128.28 ms; drains/5s 904 of 16999 tx, mean 1438 us, max 27.09 ms
           prune (415 blocks): prune_ms 32/50; fold 0.5 ms, lock 0.0 ms, remove(hold) 9.3 ms, free 0.0 ms; frames_swept 400; coalesced on 415 of 415; prune_wait_ms 0/0; pruner busy 46% of a thread, lock held by it 1.8%
== loop350WARM: pruner (per block; busy = sum prune_ms / 30 s, lock = sum (remove_us + settle_us) / 30 s)
  window 1: 428 prunes; prune_ms 32/53; remove_us 9.6/18.9 ms; forget_us 2.7/4.9 ms; settle_us 3.0 ms; pruner busy 48% of a worker; lanes lock held for removal 21%
  window 2: 456 prunes; prune_ms 32/52; remove_us 9.8/20.1 ms; forget_us 2.7/4.3 ms; settle_us 2.8 ms; pruner busy 50% of a worker; lanes lock held for removal 23%
  window 3: 415 prunes; prune_ms 32/50; remove_us 9.3/19.8 ms; forget_us 2.9/4.9 ms; settle_us 2.9 ms; pruner busy 46% of a worker; lanes lock held for removal 21%
== loop350WARM: seal start / pull, prepared plan, answer, chunked drain
  window 1: 471 builds; start_best_ms 3/14; start_walk_us 0/0; start_pull_ms 0/0; par_pull_ms 0/0; par_start_ms 3/14; par_ms 52/81; sealed_at_ms 50/72; pull_bulk_us 5/9; pull_bulk_txs 200000/200000; plan_age_us 47991/97915; plan_prep_us 6872/13332; plan_topup_txs 0/0
           plan_ahead {'1': 471}; plan_discard {'': 471}
           answer: built-ahead bytes median/max 15,243/15,245, layout_only {'true': 470}; proposal sent bytes median/max 15,243/15,245, layout_only {'true': 470}
           drain: chunks/5s 860, chunk max 8,192 tx, finished by others/5s 52; plan_discards (last ingest line) -
  window 2: 478 builds; start_best_ms 5/16; start_walk_us 0/0; start_pull_ms 0/0; par_pull_ms 0/0; par_start_ms 5/16; par_ms 48/69; sealed_at_ms 49/71; pull_bulk_us 5/8; pull_bulk_txs 200000/200000; plan_age_us 47552/96843; plan_prep_us 7221/13457; plan_topup_txs 0/0
           plan_ahead {'1': 478}; plan_discard {'': 478}
           answer: built-ahead bytes median/max 15,245/15,245, layout_only {'true': 480}; proposal sent bytes median/max 15,245/15,245, layout_only {'true': 479}
           drain: chunks/5s 740, chunk max 8,192 tx, finished by others/5s 68; plan_discards (last ingest line) -
  window 3: 448 builds; start_best_ms 2/15; start_walk_us 0/0; start_pull_ms 0/0; par_pull_ms 0/0; par_start_ms 2/16; par_ms 54/90; sealed_at_ms 53/82; pull_bulk_us 5/8; pull_bulk_txs 200000/200000; plan_age_us 51623/94607; plan_prep_us 7396/14842; plan_topup_txs 0/0
           plan_ahead {'1': 448}; plan_discard {'': 448}
           answer: built-ahead bytes median/max 15,245/15,245, layout_only {'true': 447}; proposal sent bytes median/max 15,245/15,245, layout_only {'true': 447}
           drain: chunks/5s 768, chunk max 8,192 tx, finished by others/5s 54; plan_discards (last ingest line) -
Traceback (most recent call last):
  File [35m"/data/n42-build/wt338/scripts/fleet7-runs/persist340.py"[0m, line [35m24[0m, in [35m<module>[0m
    r = {k: [31mfloat[0m[1;31m(v)[0m for k, v in d.items() if k != 'pid' and re.fullmatch(r'-?[\d.e+-]+', v)}
            [31m~~~~~[0m[1;31m^^^[0m
[1;35mValueError[0m: [35mcould not convert string to float: '-'[0m
== loop350WARM: execution and root fields (median / p90 per block); over 1447 full builds: rename_fallbacks total 0, rename_record_waits total 0, carried_depth values ['1']
    folded lines 470: pending_max max 84 (median 72); pending_us_max max 20,256; drops_max max 56904
    flags: seal_on_counters true:471; freeze_pool_own true:471; plan_body 1:469/2:2; prep_from_plan false:2/true:469; plan_ahead 1:471; seal per 1,000 transfers 0.250 ms
  window 1 (471 builds): on-CPU share 1.00/1.00; CPU per transfer 2.95/3.66 us; sealed_at_ms 50/72; par_exec_ms 21/27; par_fold_ms 9/18; index_ms 15/21; par_start_ms 3/14; gap_before_exec_ms 8/46; state_wait_us 8,003/46,525; parent_fields_ms 5/21; roots_ms 31/43; seal_to_fields_us 50,542/62,934; seal_to_complete_us 109,205/125,788; rename_fallbacks 0/0; rename_record_waits 0/0; carried_depth 1/1; plan_body_us 16,318/19,635; batch_max_ms 8/12; tx_root_ms 1/1; sealed_ms 6/22
    folded lines 480: pending_max max 89 (median 71); pending_us_max max 17,282; drops_max max 40328
    flags: seal_on_counters true:478; freeze_pool_own true:478; plan_body 1:478; prep_from_plan true:478; plan_ahead 1:478; seal per 1,000 transfers 0.245 ms
  window 2 (478 builds): on-CPU share 1.00/1.00; CPU per transfer 3.06/3.69 us; sealed_at_ms 49/71; par_exec_ms 22/27; par_fold_ms 7/14; index_ms 13/17; par_start_ms 5/16; gap_before_exec_ms 4/20; state_wait_us 4,593/20,238; parent_fields_ms 7/25; roots_ms 32/46; seal_to_fields_us 50,048/64,445; seal_to_complete_us 111,250/128,977; rename_fallbacks 0/0; rename_record_waits 0/0; carried_depth 1/1; plan_body_us 15,800/19,218; batch_max_ms 9/13; tx_root_ms 1/1; sealed_ms 8/26
    folded lines 447: pending_max max 95 (median 71); pending_us_max max 19,749; drops_max max 29585
    flags: seal_on_counters true:448; freeze_pool_own true:448; plan_body 1:448; prep_from_plan true:448; plan_ahead 1:448; seal per 1,000 transfers 0.265 ms
  window 3 (448 builds): on-CPU share 1.00/1.00; CPU per transfer 3.04/3.73 us; sealed_at_ms 53/82; par_exec_ms 23/35; par_fold_ms 7/15; index_ms 12/18; par_start_ms 2/16; gap_before_exec_ms 9/44; state_wait_us 8,930/44,285; parent_fields_ms 6/23; roots_ms 32/53; seal_to_fields_us 51,412/70,744; seal_to_complete_us 112,463/140,455; rename_fallbacks 0/0; rename_record_waits 0/0; carried_depth 1/1; plan_body_us 14,705/18,595; batch_max_ms 9/26; tx_root_ms 1/1; sealed_ms 6/25
== loop350WARM: 2949 proposals; proposal -> quorum (leader's commit) median 11.3 / p90 43.2 / max 231.7 ms; proposal interval median 61.4 / p90 64.6 ms; TC formed lines 0; leader views timed out 0; ParentUnknown lines 0
   handover at view 1024: proposal intervals (view, ms) [(1023, 59), (1024, 93), (1025, 57), (1026, 62), (1027, 61)] against the median 61 ms
   handover at view 2048: proposal intervals (view, ms) [(2047, 61), (2048, 62), (2049, 61), (2050, 62), (2051, 61)] against the median 61 ms
     block 1026 (view 1025): sealed_at_ms 44, gap_before_exec_ms 9, parent_fields_ms 9, rename_fallbacks 0, rename_record_waits 0, carried_depth 1
     block 1027 (view 1026): sealed_at_ms 39, gap_before_exec_ms 8, parent_fields_ms 8, rename_fallbacks 0, rename_record_waits 0, carried_depth 1
     block 1028 (view 1027): sealed_at_ms 56, gap_before_exec_ms 10, parent_fields_ms 21, rename_fallbacks 0, rename_record_waits 0, carried_depth 1
no busy samples
== loop350WARM: 1397 full builds in the 3 windows
  par_exec_ms 22/29; par_run_ms 30/62; batch_start_skew_ms 17/21; batch_median_ms 4/5; batch_max_ms 9/16; batch_first_start_us 75/116; batch_last_start_us 17305/21616; batch_dispatch_us 222/311; batch_last_end_us 22416/29481; batches 128/128; batch_threads 32/32; batch_txs_max 2000/2000; batch_txs_min 1500/1500; start_walk_ms 0/0; start_walk_check_ms 0/0; par_start_ms 3/15; sealed_at_ms 50/75; prev_seal_to_answer_us 1670/2782; prev_seal_to_entry_us 0/0; prev_seal_to_header_us 183/308; prev_seal_to_import_us 117157/149691; prev_seal_to_request_us 933/65478; prev_seal_to_start_us 1196/65703; start_walk_check_us 0/0; start_walk_ids_us 0/0; start_walk_settle_us 0/0; start_walk_us 0/0
  one_wave {'false': 1397}
  batches == batch_threads on 0 of 1397 builds
  last - first batch start (ms) median/p90 17.23/21.52; under 2 ms on 0 of 1397 builds
bodygate loop350WARM: invalid_blocks=0 gas_mismatch=0 fields_mismatches=0 own_not_committed=0 proposals_given_up=0
STEPS STOP before 45 ms (S1234P50 S1234P50b): FAIL cycle cycle median 53.7 ms against 50 (limit 53); in-memory blocks end of w1 8, end of w3 8, max in w3 10 (loop350S1234P50)
datadirs of this round wiped; /data free 487G
released at 15:54
ALLDONE
